Archive member included to satisfy reference by file (symbol)

c:/program files (x86)/atollic/truestudio for arm 6.0.0/armtools/bin/../lib/gcc/arm-atollic-eabi/5.3.1/../../../../arm-atollic-eabi/lib/armv7e-m/fpu\libc.a(lib_a-init.o)
                              Drivers\CMSIS\Device\ST\STM32F4xx\Source\Templates\gcc\startup_stm32f407xx.o (__libc_init_array)
c:/program files (x86)/atollic/truestudio for arm 6.0.0/armtools/bin/../lib/gcc/arm-atollic-eabi/5.3.1/../../../../arm-atollic-eabi/lib/armv7e-m/fpu\libc.a(lib_a-memcmp.o)
                              Src\main.o (memcmp)
c:/program files (x86)/atollic/truestudio for arm 6.0.0/armtools/bin/../lib/gcc/arm-atollic-eabi/5.3.1/../../../../arm-atollic-eabi/lib/armv7e-m/fpu\libc.a(lib_a-memset.o)
                              Src\vl53l0x_api.o (memset)
c:/program files (x86)/atollic/truestudio for arm 6.0.0/armtools/bin/../lib/gcc/arm-atollic-eabi/5.3.1/../../../../arm-atollic-eabi/lib/armv7e-m/fpu\libc.a(lib_a-strcpy.o)
                              Src\vl53l0x_api_core.o (strcpy)
c:/program files (x86)/atollic/truestudio for arm 6.0.0/armtools/bin/../lib/gcc/arm-atollic-eabi/5.3.1/../../../../arm-atollic-eabi/lib/armv7e-m/fpu\libc.a(lib_a-strlen.o)
                              Src\communication.o (strlen)
c:/program files (x86)/atollic/truestudio for arm 6.0.0/armtools/bin/../lib/gcc/arm-atollic-eabi/5.3.1/../../../../arm-atollic-eabi/lib/armv7e-m/fpu\libc.a(lib_a-vsprintf.o)
                              Src\communication.o (vsprintf)
c:/program files (x86)/atollic/truestudio for arm 6.0.0/armtools/bin/../lib/gcc/arm-atollic-eabi/5.3.1/../../../../arm-atollic-eabi/lib/armv7e-m/fpu\libc.a(lib_a-impure.o)
                              c:/program files (x86)/atollic/truestudio for arm 6.0.0/armtools/bin/../lib/gcc/arm-atollic-eabi/5.3.1/../../../../arm-atollic-eabi/lib/armv7e-m/fpu\libc.a(lib_a-vsprintf.o) (_impure_ptr)
c:/program files (x86)/atollic/truestudio for arm 6.0.0/armtools/bin/../lib/gcc/arm-atollic-eabi/5.3.1/../../../../arm-atollic-eabi/lib/armv7e-m/fpu\libc.a(lib_a-svfprintf.o)
                              c:/program files (x86)/atollic/truestudio for arm 6.0.0/armtools/bin/../lib/gcc/arm-atollic-eabi/5.3.1/../../../../arm-atollic-eabi/lib/armv7e-m/fpu\libc.a(lib_a-vsprintf.o) (_svfprintf_r)
c:/program files (x86)/atollic/truestudio for arm 6.0.0/armtools/bin/../lib/gcc/arm-atollic-eabi/5.3.1/../../../../arm-atollic-eabi/lib/armv7e-m/fpu\libc.a(lib_a-dtoa.o)
                              c:/program files (x86)/atollic/truestudio for arm 6.0.0/armtools/bin/../lib/gcc/arm-atollic-eabi/5.3.1/../../../../arm-atollic-eabi/lib/armv7e-m/fpu\libc.a(lib_a-svfprintf.o) (_dtoa_r)
c:/program files (x86)/atollic/truestudio for arm 6.0.0/armtools/bin/../lib/gcc/arm-atollic-eabi/5.3.1/../../../../arm-atollic-eabi/lib/armv7e-m/fpu\libc.a(lib_a-locale.o)
                              c:/program files (x86)/atollic/truestudio for arm 6.0.0/armtools/bin/../lib/gcc/arm-atollic-eabi/5.3.1/../../../../arm-atollic-eabi/lib/armv7e-m/fpu\libc.a(lib_a-svfprintf.o) (_localeconv_r)
c:/program files (x86)/atollic/truestudio for arm 6.0.0/armtools/bin/../lib/gcc/arm-atollic-eabi/5.3.1/../../../../arm-atollic-eabi/lib/armv7e-m/fpu\libc.a(lib_a-malloc.o)
                              c:/program files (x86)/atollic/truestudio for arm 6.0.0/armtools/bin/../lib/gcc/arm-atollic-eabi/5.3.1/../../../../arm-atollic-eabi/lib/armv7e-m/fpu\libc.a(lib_a-dtoa.o) (malloc)
c:/program files (x86)/atollic/truestudio for arm 6.0.0/armtools/bin/../lib/gcc/arm-atollic-eabi/5.3.1/../../../../arm-atollic-eabi/lib/armv7e-m/fpu\libc.a(lib_a-mallocr.o)
                              c:/program files (x86)/atollic/truestudio for arm 6.0.0/armtools/bin/../lib/gcc/arm-atollic-eabi/5.3.1/../../../../arm-atollic-eabi/lib/armv7e-m/fpu\libc.a(lib_a-svfprintf.o) (_malloc_r)
c:/program files (x86)/atollic/truestudio for arm 6.0.0/armtools/bin/../lib/gcc/arm-atollic-eabi/5.3.1/../../../../arm-atollic-eabi/lib/armv7e-m/fpu\libc.a(lib_a-memchr.o)
                              c:/program files (x86)/atollic/truestudio for arm 6.0.0/armtools/bin/../lib/gcc/arm-atollic-eabi/5.3.1/../../../../arm-atollic-eabi/lib/armv7e-m/fpu\libc.a(lib_a-svfprintf.o) (memchr)
c:/program files (x86)/atollic/truestudio for arm 6.0.0/armtools/bin/../lib/gcc/arm-atollic-eabi/5.3.1/../../../../arm-atollic-eabi/lib/armv7e-m/fpu\libc.a(lib_a-memcpy-stub.o)
                              c:/program files (x86)/atollic/truestudio for arm 6.0.0/armtools/bin/../lib/gcc/arm-atollic-eabi/5.3.1/../../../../arm-atollic-eabi/lib/armv7e-m/fpu\libc.a(lib_a-dtoa.o) (memcpy)
c:/program files (x86)/atollic/truestudio for arm 6.0.0/armtools/bin/../lib/gcc/arm-atollic-eabi/5.3.1/../../../../arm-atollic-eabi/lib/armv7e-m/fpu\libc.a(lib_a-mlock.o)
[...]
Memory Configuration

Name             Origin             Length             Attributes
RAM              0x20000000         0x00020000         xrw
CCMRAM           0x10000000         0x00010000         rw
FLASH            0x08000000         0x00100000         xr
*default*        0x00000000         0xffffffff

Linker script and memory map

LOAD c:/program files (x86)/atollic/truestudio for arm 6.0.0/armtools/bin/../lib/gcc/arm-atollic-eabi/5.3.1/armv7e-m/fpu/crti.o
LOAD c:/program files (x86)/atollic/truestudio for arm 6.0.0/armtools/bin/../lib/gcc/arm-atollic-eabi/5.3.1/armv7e-m/fpu/crtbegin.o
LOAD Drivers\CMSIS\Device\ST\STM32F4xx\Source\Templates\gcc\startup_stm32f407xx.o
LOAD Drivers\STM32F4xx_HAL_Driver\Src\stm32f4xx_hal.o
LOAD Drivers\STM32F4xx_HAL_Driver\Src\stm32f4xx_hal_adc.o
LOAD Drivers\STM32F4xx_HAL_Driver\Src\stm32f4xx_hal_adc_ex.o
LOAD Drivers\STM32F4xx_HAL_Driver\Src\stm32f4xx_hal_cortex.o
LOAD Drivers\STM32F4xx_HAL_Driver\Src\stm32f4xx_hal_dma.o
LOAD Drivers\STM32F4xx_HAL_Driver\Src\stm32f4xx_hal_dma_ex.o
LOAD Drivers\STM32F4xx_HAL_Driver\Src\stm32f4xx_hal_flash.o
LOAD Drivers\STM32F4xx_HAL_Driver\Src\stm32f4xx_hal_flash_ex.o
LOAD Drivers\STM32F4xx_HAL_Driver\Src\stm32f4xx_hal_flash_ramfunc.o
LOAD Drivers\STM32F4xx_HAL_Driver\Src\stm32f4xx_hal_gpio.o
LOAD Drivers\STM32F4xx_HAL_Driver\Src\stm32f4xx_hal_i2c.o
LOAD Drivers\STM32F4xx_HAL_Driver\Src\stm32f4xx_hal_i2c_ex.o
LOAD Drivers\STM32F4xx_HAL_Driver\Src\stm32f4xx_hal_pwr.o
LOAD Drivers\STM32F4xx_HAL_Driver\Src\stm32f4xx_hal_pwr_ex.o
LOAD Drivers\STM32F4xx_HAL_Driver\Src\stm32f4xx_hal_rcc.o
LOAD Drivers\STM32F4xx_HAL_Driver\Src\stm32f4xx_hal_rcc_ex.o
LOAD Drivers\STM32F4xx_HAL_Driver\Src\stm32f4xx_hal_tim.o
LOAD Drivers\STM32F4xx_HAL_Driver\Src\stm32f4xx_hal_tim_ex.o
LOAD Drivers\STM32F4xx_HAL_Driver\Src\stm32f4xx_hal_uart.o
LOAD Src\I2C.o
LOAD Src\communication.o
LOAD Src\hardware.o
LOAD Src\main.o
LOAD Src\motion.o
LOAD Src\pid.o
LOAD Src\stm32f4xx_hal_msp.o
LOAD Src\stm32f4xx_it.o
LOAD Src\system_stm32f4xx.o
LOAD Src\vl53l0x_api.o
LOAD Src\vl53l0x_api_calibration.o
LOAD Src\vl53l0x_api_core.o
LOAD Src\vl53l0x_api_ranging.o
LOAD Src\vl53l0x_api_strings.o
LOAD Src\vl53l0x_platform.o
LOAD Src\vl53l0x_user_port.o
START GROUP
LOAD c:/program files (x86)/atollic/truestudio for arm 6.0.0/armtools/bin/../lib/gcc/arm-atollic-eabi/5.3.1/../../../../arm-atollic-eabi/lib/armv7e-m/fpu\libc.a
LOAD c:/program files (x86)/atollic/truestudio for arm 6.0.0/armtools/bin/../lib/gcc/arm-atollic-eabi/5.3.1/../../../../arm-atollic-eabi/lib/armv7e-m/fpu\libm.a
END GROUP
                0x00000080                malloc_getpagesize_P = 0x80
START GROUP
LOAD c:/program files (x86)/atollic/truestudio for arm 6.0.0/armtools/bin/../lib/gcc/arm-atollic-eabi/5.3.1/armv7e-m/fpu\libgcc.a
LOAD c:/program files (x86)/atollic/truestudio for arm 6.0.0/armtools/bin/../lib/gcc/arm-atollic-eabi/5.3.1/../../../../arm-atollic-eabi/lib/armv7e-m/fpu\libc.a
END GROUP
START GROUP
LOAD c:/program files (x86)/atollic/truestudio for arm 6.0.0/armtools/bin/../lib/gcc/arm-atollic-eabi/5.3.1/armv7e-m/fpu\libgcc.a
LOAD c:/program files (x86)/atollic/truestudio for arm 6.0.0/armtools/bin/../lib/gcc/arm-atollic-eabi/5.3.1/../../../../arm-atollic-eabi/lib/armv7e-m/fpu\libc.a
LOAD c:/program files (x86)/atollic/truestudio for arm 6.0.0/armtools/bin/../lib/gcc/arm-atollic-eabi/5.3.1/../../../../arm-atollic-eabi/lib/armv7e-m/fpu\libnosys.a
END GROUP
LOAD c:/program files (x86)/atollic/truestudio for arm 6.0.0/armtools/bin/../lib/gcc/arm-atollic-eabi/5.3.1/armv7e-m/fpu/crtend.o
LOAD c:/program files (x86)/atollic/truestudio for arm 6.0.0/armtools/bin/../lib/gcc/arm-atollic-eabi/5.3.1/armv7e-m/fpu/crtn.o
                0x20020000                _estack = 0x20020000
                0x00000200                _Min_Heap_Size = 0x200
                0x00000400                _Min_Stack_Size = 0x400

.isr_vector     0x08000000      0x188
                0x08000000                . = ALIGN (0x4)
 *(.isr_vector)
 .isr_vector    0x08000000      0x188 Drivers\CMSIS\Device\ST\STM32F4xx\Source\Templates\gcc\startup_stm32f407xx.o
                0x08000000                g_pfnVectors
                0x08000188                . = ALIGN (0x4)

.text           0x08000190     0x9dc4
                0x08000190                . = ALIGN (0x4)
 *(.text)
 .text          0x08000190       0x40 c:/program files (x86)/atollic/truestudio for arm 6.0.0/armtools/bin/../lib/gcc/arm-atollic-eabi/5.3.1/armv7e-m/fpu/crtbegin.o
 .text          0x080001d0       0x10 c:/program files (x86)/atollic/truestudio for arm 6.0.0/armtools/bin/../lib/gcc/arm-atollic-eabi/5.3.1/../../../../arm-atollic-eabi/lib/armv7e-m/fpu\libc.a(lib_a-strlen.o)
                0x080001d0                strlen
 .text          0x080001e0       0xa0 c:/program files (x86)/atollic/truestudio for arm 6.0.0/armtools/bin/../lib/gcc/arm-atollic-eabi/5.3.1/../../../../arm-atollic-eabi/lib/armv7e-m/fpu\libc.a(lib_a-memchr.o)
                0x080001e0                memchr
 .text          0x08000280      0x370 c:/program files (x86)/atollic/truestudio for arm 6.0.0/armtools/bin/../lib/gcc/arm-atollic-eabi/5.3.1/armv7e-m/fpu\libgcc.a(_arm_addsubdf3.o)
                0x08000280                __aeabi_drsub
                0x08000288                __aeabi_dsub
                0x08000288                __subdf3
                0x0800028c                __aeabi_dadd
                0x0800028c                __adddf3
                0x08000504                __floatunsidf
                0x08000504                __aeabi_ui2d
                0x08000524                __floatsidf
                0x08000524                __aeabi_i2d
                0x08000548                __aeabi_f2d
                0x08000548                __extendsfdf2
                0x08000584                __floatundidf
                0x08000584                __aeabi_ul2d
                0x08000594                __floatdidf
                0x08000594                __aeabi_l2d
 .text          0x080005f0      0x424 c:/program files (x86)/atollic/truestudio for arm 6.0.0/armtools/bin/../lib/gcc/arm-atollic-eabi/5.3.1/armv7e-m/fpu\libgcc.a(_arm_muldivdf3.o)
                0x080005f0                __aeabi_dmul
                0x080005f0                __muldf3
                0x08000844                __divdf3
                0x08000844                __aeabi_ddiv
 .text          0x08000a14      0x110 c:/program files (x86)/atollic/truestudio for arm 6.0.0/armtools/bin/../lib/gcc/arm-atollic-eabi/5.3.1/armv7e-m/fpu\libgcc.a(_arm_cmpdf2.o)
                0x08000a14                __gtdf2
                0x08000a14                __gedf2
                0x08000a1c                __ltdf2
                0x08000a1c                __ledf2
                0x08000a24                __nedf2
                0x08000a24                __eqdf2
                0x08000a24                __cmpdf2
                0x08000aa0                __aeabi_cdrcmple
                0x08000ab0                __aeabi_cdcmpeq
                0x08000ab0                __aeabi_cdcmple
                0x08000ac0                __aeabi_dcmpeq
                0x08000ad4                __aeabi_dcmplt
                0x08000ae8                __aeabi_dcmple
                0x08000afc                __aeabi_dcmpge
                0x08000b10                __aeabi_dcmpgt
 .text          0x08000b24       0x2c c:/program files (x86)/atollic/truestudio for arm 6.0.0/armtools/bin/../lib/gcc/arm-atollic-eabi/5.3.1/armv7e-m/fpu\libgcc.a(_arm_unorddf2.o)
                0x08000b24                __unorddf2
                0x08000b24                __aeabi_dcmpun
 .text          0x08000b50       0x50 c:/program files (x86)/atollic/truestudio for arm 6.0.0/armtools/bin/../lib/gcc/arm-atollic-eabi/5.3.1/armv7e-m/fpu\libgcc.a(_arm_fixdfsi.o)
                0x08000b50                __aeabi_d2iz
                0x08000b50                __fixdfsi
 .text          0x08000ba0       0x30 c:/program files (x86)/atollic/truestudio for arm 6.0.0/armtools/bin/../lib/gcc/arm-atollic-eabi/5.3.1/armv7e-m/fpu\libgcc.a(_aeabi_uldivmod.o)
                0x08000ba0                __aeabi_uldivmod
 .text          0x08000bd0      0x2e4 c:/program files (x86)/atollic/truestudio for arm 6.0.0/armtools/bin/../lib/gcc/arm-atollic-eabi/5.3.1/armv7e-m/fpu\libgcc.a(_udivmoddi4.o)
                0x08000bd0                __udivmoddi4
 .text          0x08000eb4        0x4 c:/program files (x86)/atollic/truestudio for arm 6.0.0/armtools/bin/../lib/gcc/arm-atollic-eabi/5.3.1/armv7e-m/fpu\libgcc.a(_dvmd_tls.o)
                0x08000eb4                __aeabi_idiv0
                0x08000eb4                __aeabi_ldiv0
 *(.text*)
 .text.Reset_Handler
                0x08000eb8       0x50 Drivers\CMSIS\Device\ST\STM32F4xx\Source\Templates\gcc\startup_stm32f407xx.o
                0x08000eb8                Reset_Handler
 .text.Default_Handler
                0x08000f08        0x2 Drivers\CMSIS\Device\ST\STM32F4xx\Source\Templates\gcc\startup_stm32f407xx.o
                0x08000f08                RTC_Alarm_IRQHandler
                0x08000f08                HASH_RNG_IRQHandler
                0x08000f08                EXTI2_IRQHandler
                0x08000f08                TIM8_CC_IRQHandler
                0x08000f08                TIM1_CC_IRQHandler
                0x08000f08                DMA2_Stream5_IRQHandler
                0x08000f08                DMA1_Stream5_IRQHandler
                0x08000f08                PVD_IRQHandler
                0x08000f08                SDIO_IRQHandler
                0x08000f08                TAMP_STAMP_IRQHandler
                0x08000f08                CAN2_RX1_IRQHandler
                0x08000f08                EXTI3_IRQHandler
                0x08000f08                TIM8_TRG_COM_TIM14_IRQHandler
                0x08000f08                TIM8_UP_TIM13_IRQHandler
                0x08000f08                I2C3_ER_IRQHandler
                0x08000f08                EXTI0_IRQHandler
                0x08000f08                I2C2_EV_IRQHandler
                0x08000f08                DMA1_Stream2_IRQHandler
                0x08000f08                CAN1_RX0_IRQHandler
                0x08000f08                FPU_IRQHandler
                0x08000f08                OTG_HS_WKUP_IRQHandler
                0x08000f08                CAN2_SCE_IRQHandler
                0x08000f08                DMA2_Stream2_IRQHandler
                0x08000f08                SPI1_IRQHandler
                0x08000f08                TIM6_DAC_IRQHandler
                0x08000f08                TIM1_BRK_TIM9_IRQHandler
                0x08000f08                DCMI_IRQHandler
                0x08000f08                CAN2_RX0_IRQHandler
                0x08000f08                DMA2_Stream3_IRQHandler
                0x08000f08                USART6_IRQHandler
                0x08000f08                USART3_IRQHandler
                0x08000f08                CAN1_RX1_IRQHandler
                0x08000f08                UART5_IRQHandler
                0x08000f08                TIM4_IRQHandler
                0x08000f08                I2C1_EV_IRQHandler
                0x08000f08                DMA1_Stream6_IRQHandler
                0x08000f08                DMA1_Stream1_IRQHandler
                0x08000f08                UART4_IRQHandler
                0x08000f08                TIM3_IRQHandler
                0x08000f08                RCC_IRQHandler
                0x08000f08                TIM8_BRK_TIM12_IRQHandler
                0x08000f08                Default_Handler
                0x08000f08                EXTI15_10_IRQHandler
                0x08000f08                ADC_IRQHandler
                0x08000f08                DMA1_Stream7_IRQHandler
                0x08000f08                TIM7_IRQHandler
                0x08000f08                CAN2_TX_IRQHandler
                0x08000f08                TIM5_IRQHandler
                0x08000f08                DMA2_Stream7_IRQHandler
                0x08000f08                I2C3_EV_IRQHandler
                0x08000f08                RTC_WKUP_IRQHandler
                0x08000f08                ETH_WKUP_IRQHandler
                0x08000f08                SPI2_IRQHandler
                0x08000f08                OTG_HS_EP1_IN_IRQHandler
                0x08000f08                DMA1_Stream0_IRQHandler
                0x08000f08                CAN1_TX_IRQHandler
                0x08000f08                EXTI4_IRQHandler
                0x08000f08                FSMC_IRQHandler
                0x08000f08                ETH_IRQHandler
                0x08000f08                OTG_HS_EP1_OUT_IRQHandler
                0x08000f08                WWDG_IRQHandler
                0x08000f08                TIM2_IRQHandler
                0x08000f08                OTG_FS_WKUP_IRQHandler
                0x08000f08                TIM1_TRG_COM_TIM11_IRQHandler
                0x08000f08                OTG_HS_IRQHandler
                0x08000f08                I2C2_ER_IRQHandler
                0x08000f08                DMA2_Stream1_IRQHandler
                0x08000f08                CAN1_SCE_IRQHandler
                0x08000f08                FLASH_IRQHandler
                0x08000f08                DMA2_Stream4_IRQHandler
                0x08000f08                USART1_IRQHandler
                0x08000f08                OTG_FS_IRQHandler
                0x08000f08                SPI3_IRQHandler
                0x08000f08                DMA1_Stream4_IRQHandler
                0x08000f08                I2C1_ER_IRQHandler
                0x08000f08                DMA2_Stream6_IRQHandler
                0x08000f08                DMA1_Stream3_IRQHandler
 *fill*         0x08000f0a        0x2 
 .text.HAL_InitTick
                0x08000f0c       0x28 Drivers\STM32F4xx_HAL_Driver\Src\stm32f4xx_hal.o
                0x08000f0c                HAL_InitTick
 .text.HAL_Init
                0x08000f34       0x34 Drivers\STM32F4xx_HAL_Driver\Src\stm32f4xx_hal.o
                0x08000f34                HAL_Init
 .text.HAL_IncTick
                0x08000f68       0x10 Drivers\STM32F4xx_HAL_Driver\Src\stm32f4xx_hal.o
                0x08000f68                HAL_IncTick
 .text.HAL_GetTick
                0x08000f78        0xc Drivers\STM32F4xx_HAL_Driver\Src\stm32f4xx_hal.o
                0x08000f78                HAL_GetTick
 .text.HAL_Delay
                0x08000f84       0x1a Drivers\STM32F4xx_HAL_Driver\Src\stm32f4xx_hal.o
                0x08000f84                HAL_Delay
 *fill*         0x08000f9e        0x2 
 .text.HAL_ADC_Init
                0x08000fa0      0x154 Drivers\STM32F4xx_HAL_Driver\Src\stm32f4xx_hal_adc.o
                0x08000fa0                HAL_ADC_Init
 .text.HAL_ADC_Start_DMA
                0x080010f4      0x100 Drivers\STM32F4xx_HAL_Driver\Src\stm32f4xx_hal_adc.o
                0x080010f4                HAL_ADC_Start_DMA
 .text.HAL_ADC_ConvCpltCallback
                0x080011f4        0x2 Drivers\STM32F4xx_HAL_Driver\Src\stm32f4xx_hal_adc.o
                0x080011f4                HAL_ADC_ConvCpltCallback
 .text.ADC_DMAConvCplt
                0x080011f6       0x60 Drivers\STM32F4xx_HAL_Driver\Src\stm32f4xx_hal_adc.o
 .text.HAL_ADC_ConvHalfCpltCallback
                0x08001256        0x2 Drivers\STM32F4xx_HAL_Driver\Src\stm32f4xx_hal_adc.o
                0x08001256                HAL_ADC_ConvHalfCpltCallback
 .text.ADC_DMAHalfConvCplt
                0x08001258        0xa Drivers\STM32F4xx_HAL_Driver\Src\stm32f4xx_hal_adc.o
 .text.HAL_ADC_ErrorCallback
                0x08001262        0x2 Drivers\STM32F4xx_HAL_Driver\Src\stm32f4xx_hal_adc.o
                0x08001262                HAL_ADC_ErrorCallback
 .text.ADC_DMAError
                0x08001264       0x16 Drivers\STM32F4xx_HAL_Driver\Src\stm32f4xx_hal_adc.o
 *fill*         0x0800127a        0x2 
 .text.HAL_ADC_ConfigChannel
                0x0800127c      0x12c Drivers\STM32F4xx_HAL_Driver\Src\stm32f4xx_hal_adc.o
                0x0800127c                HAL_ADC_ConfigChannel
 .text.HAL_NVIC_SetPriorityGrouping
                0x080013a8       0x24 Drivers\STM32F4xx_HAL_Driver\Src\stm32f4xx_hal_cortex.o
                0x080013a8                HAL_NVIC_SetPriorityGrouping
 .text.HAL_NVIC_SetPriority
                0x080013cc       0x68 Drivers\STM32F4xx_HAL_Driver\Src\stm32f4xx_hal_cortex.o
                0x080013cc                HAL_NVIC_SetPriority
 .text.HAL_NVIC_EnableIRQ
                0x08001434       0x18 Drivers\STM32F4xx_HAL_Driver\Src\stm32f4xx_hal_cortex.o
                0x08001434                HAL_NVIC_EnableIRQ
 .text.HAL_SYSTICK_Config
                0x0800144c       0x2c Drivers\STM32F4xx_HAL_Driver\Src\stm32f4xx_hal_cortex.o
                0x0800144c                HAL_SYSTICK_Config
 .text.HAL_SYSTICK_CLKSourceConfig
                0x08001478       0x18 Drivers\STM32F4xx_HAL_Driver\Src\stm32f4xx_hal_cortex.o
                0x08001478                HAL_SYSTICK_CLKSourceConfig
 .text.HAL_SYSTICK_Callback
                0x08001490        0x2 Drivers\STM32F4xx_HAL_Driver\Src\stm32f4xx_hal_cortex.o
                0x08001490                HAL_SYSTICK_Callback
 .text.HAL_SYSTICK_IRQHandler
                0x08001492        0x8 Drivers\STM32F4xx_HAL_Driver\Src\stm32f4xx_hal_cortex.o
                0x08001492                HAL_SYSTICK_IRQHandler
 *fill*         0x0800149a        0x2 
 .text.DMA_CalcBaseAndBitshift
                0x0800149c       0x2c Drivers\STM32F4xx_HAL_Driver\Src\stm32f4xx_hal_dma.o
 .text.HAL_DMA_Init
                0x080014c8       0xec Drivers\STM32F4xx_HAL_Driver\Src\stm32f4xx_hal_dma.o
                0x080014c8                HAL_DMA_Init
 .text.HAL_DMA_Start_IT
                0x080015b4       0x80 Drivers\STM32F4xx_HAL_Driver\Src\stm32f4xx_hal_dma.o
                0x080015b4                HAL_DMA_Start_IT
 .text.HAL_DMA_Abort_IT
                0x08001634       0x24 Drivers\STM32F4xx_HAL_Driver\Src\stm32f4xx_hal_dma.o
                0x08001634                HAL_DMA_Abort_IT
 .text.HAL_DMA_IRQHandler
                0x08001658      0x17c Drivers\STM32F4xx_HAL_Driver\Src\stm32f4xx_hal_dma.o
                0x08001658                HAL_DMA_IRQHandler
 .text.HAL_GPIO_Init
                0x080017d4      0x1c0 Drivers\STM32F4xx_HAL_Driver\Src\stm32f4xx_hal_gpio.o
                0x080017d4                HAL_GPIO_Init
 .text.HAL_GPIO_WritePin
                0x08001994        0x8 Drivers\STM32F4xx_HAL_Driver\Src\stm32f4xx_hal_gpio.o
                0x08001994                HAL_GPIO_WritePin
 .text.HAL_GPIO_TogglePin
                0x0800199c        0x8 Drivers\STM32F4xx_HAL_Driver\Src\stm32f4xx_hal_gpio.o
                0x0800199c                HAL_GPIO_TogglePin
 .text.HAL_GPIO_EXTI_IRQHandler
                0x080019a4       0x18 Drivers\STM32F4xx_HAL_Driver\Src\stm32f4xx_hal_gpio.o
                0x080019a4                HAL_GPIO_EXTI_IRQHandler
 .text.I2C_IsAcknowledgeFailed
                0x080019bc       0x2a Drivers\STM32F4xx_HAL_Driver\Src\stm32f4xx_hal_i2c.o
 .text.I2C_WaitOnMasterAddressFlagUntilTimeout
                0x080019e6       0x82 Drivers\STM32F4xx_HAL_Driver\Src\stm32f4xx_hal_i2c.o
 .text.I2C_WaitOnFlagUntilTimeout
                0x08001a68       0x5e Drivers\STM32F4xx_HAL_Driver\Src\stm32f4xx_hal_i2c.o
 .text.I2C_WaitOnTXEFlagUntilTimeout
                0x08001ac6       0x4c Drivers\STM32F4xx_HAL_Driver\Src\stm32f4xx_hal_i2c.o
 *fill*         0x08001b12        0x2 
 .text.I2C_RequestMemoryWrite
                0x08001b14       0xa0 Drivers\STM32F4xx_HAL_Driver\Src\stm32f4xx_hal_i2c.o
 .text.I2C_RequestMemoryRead
                0x08001bb4       0xf0 Drivers\STM32F4xx_HAL_Driver\Src\stm32f4xx_hal_i2c.o
 .text.I2C_WaitOnRXNEFlagUntilTimeout
                0x08001ca4       0x5a Drivers\STM32F4xx_HAL_Driver\Src\stm32f4xx_hal_i2c.o
 .text.I2C_WaitOnBTFFlagUntilTimeout
                0x08001cfe       0x4c Drivers\STM32F4xx_HAL_Driver\Src\stm32f4xx_hal_i2c.o
 *fill*         0x08001d4a        0x2 
 .text.HAL_I2C_Init
                0x08001d4c       0xdc Drivers\STM32F4xx_HAL_Driver\Src\stm32f4xx_hal_i2c.o
                0x08001d4c                HAL_I2C_Init
 .text.HAL_I2C_Mem_Write
                0x08001e28      0x130 Drivers\STM32F4xx_HAL_Driver\Src\stm32f4xx_hal_i2c.o
                0x08001e28                HAL_I2C_Mem_Write
 .text.HAL_I2C_Mem_Read
                0x08001f58      0x224 Drivers\STM32F4xx_HAL_Driver\Src\stm32f4xx_hal_i2c.o
                0x08001f58                HAL_I2C_Mem_Read
 .text.HAL_RCC_OscConfig
                0x0800217c      0x31c Drivers\STM32F4xx_HAL_Driver\Src\stm32f4xx_hal_rcc.o
                0x0800217c                HAL_RCC_OscConfig
 .text.HAL_RCC_GetSysClockFreq
                0x08002498       0x7c Drivers\STM32F4xx_HAL_Driver\Src\stm32f4xx_hal_rcc.o
                0x08002498                HAL_RCC_GetSysClockFreq
 .text.HAL_RCC_ClockConfig
                0x08002514      0x168 Drivers\STM32F4xx_HAL_Driver\Src\stm32f4xx_hal_rcc.o
                0x08002514                HAL_RCC_ClockConfig
 .text.HAL_RCC_GetHCLKFreq
                0x0800267c        0xc Drivers\STM32F4xx_HAL_Driver\Src\stm32f4xx_hal_rcc.o
                0x0800267c                HAL_RCC_GetHCLKFreq
 .text.HAL_RCC_GetPCLK1Freq
                0x08002688       0x30 Drivers\STM32F4xx_HAL_Driver\Src\stm32f4xx_hal_rcc.o
                0x08002688                HAL_RCC_GetPCLK1Freq
 .text.HAL_RCC_GetPCLK2Freq
                0x080026b8       0x30 Drivers\STM32F4xx_HAL_Driver\Src\stm32f4xx_hal_rcc.o
                0x080026b8                HAL_RCC_GetPCLK2Freq
 .text.TIM_OC1_SetConfig
                0x080026e8       0x58 Drivers\STM32F4xx_HAL_Driver\Src\stm32f4xx_hal_tim.o
 .text.TIM_OC3_SetConfig
                0x08002740       0x60 Drivers\STM32F4xx_HAL_Driver\Src\stm32f4xx_hal_tim.o
 .text.TIM_OC4_SetConfig
                0x080027a0       0x50 Drivers\STM32F4xx_HAL_Driver\Src\stm32f4xx_hal_tim.o
 .text.HAL_TIM_Base_Start_IT
                0x080027f0       0x16 Drivers\STM32F4xx_HAL_Driver\Src\stm32f4xx_hal_tim.o
                0x080027f0                HAL_TIM_Base_Start_IT
 .text.HAL_TIM_PWM_MspInit
                0x08002806        0x2 Drivers\STM32F4xx_HAL_Driver\Src\stm32f4xx_hal_tim.o
                0x08002806                HAL_TIM_PWM_MspInit
 .text.HAL_TIM_Encoder_Start
                0x08002808       0x46 Drivers\STM32F4xx_HAL_Driver\Src\stm32f4xx_hal_tim.o
                0x08002808                HAL_TIM_Encoder_Start
 .text.HAL_TIM_ConfigClockSource
                0x0800284e      0x174 Drivers\STM32F4xx_HAL_Driver\Src\stm32f4xx_hal_tim.o
                0x0800284e                HAL_TIM_ConfigClockSource
 .text.HAL_TIM_OC_DelayElapsedCallback
                0x080029c2        0x2 Drivers\STM32F4xx_HAL_Driver\Src\stm32f4xx_hal_tim.o
                0x080029c2                HAL_TIM_OC_DelayElapsedCallback
 .text.HAL_TIM_IC_CaptureCallback
                0x080029c4        0x2 Drivers\STM32F4xx_HAL_Driver\Src\stm32f4xx_hal_tim.o
                0x080029c4                HAL_TIM_IC_CaptureCallback
 .text.HAL_TIM_PWM_PulseFinishedCallback
                0x080029c6        0x2 Drivers\STM32F4xx_HAL_Driver\Src\stm32f4xx_hal_tim.o
                0x080029c6                HAL_TIM_PWM_PulseFinishedCallback
 .text.HAL_TIM_TriggerCallback
                0x080029c8        0x2 Drivers\STM32F4xx_HAL_Driver\Src\stm32f4xx_hal_tim.o
                0x080029c8                HAL_TIM_TriggerCallback
 .text.HAL_TIM_IRQHandler
                0x080029ca      0x144 Drivers\STM32F4xx_HAL_Driver\Src\stm32f4xx_hal_tim.o
                0x080029ca                HAL_TIM_IRQHandler
 *fill*         0x08002b0e        0x2 
 .text.TIM_Base_SetConfig
                0x08002b10       0xc8 Drivers\STM32F4xx_HAL_Driver\Src\stm32f4xx_hal_tim.o
                0x08002b10                TIM_Base_SetConfig
 .text.HAL_TIM_Base_Init
                0x08002bd8       0x34 Drivers\STM32F4xx_HAL_Driver\Src\stm32f4xx_hal_tim.o
                0x08002bd8                HAL_TIM_Base_Init
 .text.HAL_TIM_PWM_Init
                0x08002c0c       0x34 Drivers\STM32F4xx_HAL_Driver\Src\stm32f4xx_hal_tim.o
                0x08002c0c                HAL_TIM_PWM_Init
 .text.HAL_TIM_Encoder_Init
                0x08002c40       0x92 Drivers\STM32F4xx_HAL_Driver\Src\stm32f4xx_hal_tim.o
                0x08002c40                HAL_TIM_Encoder_Init
 *fill*         0x08002cd2        0x2 
 .text.TIM_OC2_SetConfig
                0x08002cd4       0x64 Drivers\STM32F4xx_HAL_Driver\Src\stm32f4xx_hal_tim.o
                0x08002cd4                TIM_OC2_SetConfig
 .text.HAL_TIM_PWM_ConfigChannel
                0x08002d38       0xc6 Drivers\STM32F4xx_HAL_Driver\Src\stm32f4xx_hal_tim.o
                0x08002d38                HAL_TIM_PWM_ConfigChannel
 .text.TIM_CCxChannelCmd
                0x08002dfe       0x1a Drivers\STM32F4xx_HAL_Driver\Src\stm32f4xx_hal_tim.o
                0x08002dfe                TIM_CCxChannelCmd
 .text.HAL_TIM_PWM_Start
                0x08002e18       0x34 Drivers\STM32F4xx_HAL_Driver\Src\stm32f4xx_hal_tim.o
                0x08002e18                HAL_TIM_PWM_Start
 .text.HAL_TIMEx_MasterConfigSynchronization
                0x08002e4c       0x44 Drivers\STM32F4xx_HAL_Driver\Src\stm32f4xx_hal_tim_ex.o
                0x08002e4c                HAL_TIMEx_MasterConfigSynchronization
 .text.HAL_TIMEx_CommutationCallback
                0x08002e90        0x2 Drivers\STM32F4xx_HAL_Driver\Src\stm32f4xx_hal_tim_ex.o
                0x08002e90                HAL_TIMEx_CommutationCallback
 .text.HAL_TIMEx_BreakCallback
                0x08002e92        0x2 Drivers\STM32F4xx_HAL_Driver\Src\stm32f4xx_hal_tim_ex.o
                0x08002e92                HAL_TIMEx_BreakCallback
 .text.UART_EndRxTransfer
                0x08002e94       0x1a Drivers\STM32F4xx_HAL_Driver\Src\stm32f4xx_hal_uart.o
 *fill*         0x08002eae        0x2 
 .text.UART_SetConfig
                0x08002eb0      0x23c Drivers\STM32F4xx_HAL_Driver\Src\stm32f4xx_hal_uart.o
 .text.HAL_UART_Init
                0x080030ec       0x5c Drivers\STM32F4xx_HAL_Driver\Src\stm32f4xx_hal_uart.o
                0x080030ec                HAL_UART_Init
 .text.HAL_UART_Transmit_IT
                0x08003148       0x3e Drivers\STM32F4xx_HAL_Driver\Src\stm32f4xx_hal_uart.o
                0x08003148                HAL_UART_Transmit_IT
 .text.HAL_UART_Receive_IT
                0x08003186       0x46 Drivers\STM32F4xx_HAL_Driver\Src\stm32f4xx_hal_uart.o
                0x08003186                HAL_UART_Receive_IT
 .text.HAL_UART_TxCpltCallback
                0x080031cc        0x2 Drivers\STM32F4xx_HAL_Driver\Src\stm32f4xx_hal_uart.o
                0x080031cc                HAL_UART_TxCpltCallback
 .text.UART_Receive_IT
                0x080031ce       0x78 Drivers\STM32F4xx_HAL_Driver\Src\stm32f4xx_hal_uart.o
 .text.HAL_UART_ErrorCallback
                0x08003246        0x2 Drivers\STM32F4xx_HAL_Driver\Src\stm32f4xx_hal_uart.o
                0x08003246                HAL_UART_ErrorCallback
 .text.HAL_UART_IRQHandler
                0x08003248      0x140 Drivers\STM32F4xx_HAL_Driver\Src\stm32f4xx_hal_uart.o
                0x08003248                HAL_UART_IRQHandler
 .text.UART_DMAAbortOnError
                0x08003388       0x10 Drivers\STM32F4xx_HAL_Driver\Src\stm32f4xx_hal_uart.o
 .text.I2C_write_multi
                0x08003398       0x24 Src\I2C.o
                0x08003398                I2C_write_multi
 .text.I2C_read_multi
                0x080033bc       0x24 Src\I2C.o
                0x080033bc                I2C_read_multi
 .text.I2C_write_word
                0x080033e0       0x30 Src\I2C.o
                0x080033e0                I2C_write_word
 .text.I2C_read_word
                0x08003410       0x38 Src\I2C.o
                0x08003410                I2C_read_word
 .text.I2C_read_dword
                0x08003448       0x48 Src\I2C.o
                0x08003448                I2C_read_dword
 .text.print    0x08003490       0x38 Src\communication.o
                0x08003490                print
 .text.HAL_Set_Encoders
                0x080034c8       0x60 Src\hardware.o
                0x080034c8                HAL_Set_Encoders
 .text.HAL_Set_PWM
                0x08003528       0x38 Src\hardware.o
                0x08003528                HAL_Set_PWM
 .text.SystemClock_Config
                0x08003560       0xac Src\hardware.o
                0x08003560                SystemClock_Config
 .text.MX_ADC1_Init
                0x0800360c       0xb0 Src\hardware.o
                0x0800360c                MX_ADC1_Init
 .text.MX_I2C1_Init
                0x080036bc       0x40 Src\hardware.o
                0x080036bc                MX_I2C1_Init
 .text.MX_I2C2_Init
                0x080036fc       0x40 Src\hardware.o
                0x080036fc                MX_I2C2_Init
 .text.MX_TIM1_Init
                0x0800373c       0x5c Src\hardware.o
                0x0800373c                MX_TIM1_Init
 .text.MX_TIM2_Init
                0x08003798       0xb4 Src\hardware.o
                0x08003798                MX_TIM2_Init
 .text.MX_TIM3_Init
                0x0800384c       0x58 Src\hardware.o
                0x0800384c                MX_TIM3_Init
 .text.MX_TIM4_Init
                0x080038a4       0x58 Src\hardware.o
                0x080038a4                MX_TIM4_Init
 .text.MX_TIM8_Init
                0x080038fc       0x5c Src\hardware.o
                0x080038fc                MX_TIM8_Init
 .text.MX_TIM10_Init
                0x08003958       0x30 Src\hardware.o
                0x08003958                MX_TIM10_Init
 .text.MX_USART2_UART_Init
                0x08003988       0x38 Src\hardware.o
                0x08003988                MX_USART2_UART_Init
 .text.MX_DMA_Init
                0x080039c0       0x34 Src\hardware.o
                0x080039c0                MX_DMA_Init
 .text.MX_GPIO_Init
                0x080039f4      0x18c Src\hardware.o
                0x080039f4                MX_GPIO_Init
 .text.HAL_Init_Peripherals
                0x08003b80       0x36 Src\hardware.o
                0x08003b80                HAL_Init_Peripherals
 *fill*         0x08003bb6        0x2 
 .text.HAL_TIM_PeriodElapsedCallback
                0x08003bb8       0x14 Src\main.o
                0x08003bb8                HAL_TIM_PeriodElapsedCallback
 .text.HAL_GPIO_EXTI_Callback
                0x08003bcc       0x1c Src\main.o
                0x08003bcc                HAL_GPIO_EXTI_Callback
 .text.HAL_UART_RxCpltCallback
                0x08003be8       0x54 Src\main.o
                0x08003be8                HAL_UART_RxCpltCallback
 .text.VL53L0X_init
                0x08003c3c       0xaa Src\main.o
                0x08003c3c                VL53L0X_init
 *fill*         0x08003ce6        0x2 
 .text.startup.main
                0x08003ce8      0x3b0 Src\main.o
                0x08003ce8                main
 .text.Error_Handler
                0x08004098       0x10 Src\main.o
                0x08004098                Error_Handler
 .text.Motion_init
                0x080040a8       0xa0 Src\motion.o
                0x080040a8                Motion_init
 .text.Motion_tick
                0x08004148      0x390 Src\motion.o
                0x08004148                Motion_tick
 .text.PID_init
                0x080044d8       0x1a Src\pid.o
                0x080044d8                PID_init
 *fill*         0x080044f2        0x2 
 .text.PID_calculate
                0x080044f4       0x8c Src\pid.o
                0x080044f4                PID_calculate
 .text.HAL_MspInit
                0x08004580       0x60 Src\stm32f4xx_hal_msp.o
                0x08004580                HAL_MspInit
 .text.HAL_ADC_MspInit
                0x080045e0       0x9c Src\stm32f4xx_hal_msp.o
                0x080045e0                HAL_ADC_MspInit
 .text.HAL_I2C_MspInit
                0x0800467c       0x94 Src\stm32f4xx_hal_msp.o
                0x0800467c                HAL_I2C_MspInit
 .text.HAL_TIM_Encoder_MspInit
                0x08004710      0x11c Src\stm32f4xx_hal_msp.o
                0x08004710                HAL_TIM_Encoder_MspInit
 .text.HAL_TIM_Base_MspInit
                0x0800482c       0x60 Src\stm32f4xx_hal_msp.o
                0x0800482c                HAL_TIM_Base_MspInit
 .text.HAL_TIM_MspPostInit
                0x0800488c       0x48 Src\stm32f4xx_hal_msp.o
                0x0800488c                HAL_TIM_MspPostInit
 .text.HAL_UART_MspInit
                0x080048d4       0x60 Src\stm32f4xx_hal_msp.o
                0x080048d4                HAL_UART_MspInit
 .text.NMI_Handler
                0x08004934        0x2 Src\stm32f4xx_it.o
                0x08004934                NMI_Handler
 .text.HardFault_Handler
                0x08004936        0x2 Src\stm32f4xx_it.o
                0x08004936                HardFault_Handler
 .text.MemManage_Handler
                0x08004938        0x2 Src\stm32f4xx_it.o
                0x08004938                MemManage_Handler
 .text.BusFault_Handler
                0x0800493a        0x2 Src\stm32f4xx_it.o
                0x0800493a                BusFault_Handler
 .text.UsageFault_Handler
                0x0800493c        0x2 Src\stm32f4xx_it.o
                0x0800493c                UsageFault_Handler
 .text.SVC_Handler
                0x0800493e        0x2 Src\stm32f4xx_it.o
                0x0800493e                SVC_Handler
 .text.DebugMon_Handler
                0x08004940        0x2 Src\stm32f4xx_it.o
                0x08004940                DebugMon_Handler
 .text.PendSV_Handler
                0x08004942        0x2 Src\stm32f4xx_it.o
                0x08004942                PendSV_Handler
 .text.SysTick_Handler
                0x08004944        0xe Src\stm32f4xx_it.o
                0x08004944                SysTick_Handler
 .text.EXTI9_5_IRQHandler
                0x08004952       0x14 Src\stm32f4xx_it.o
                0x08004952                EXTI9_5_IRQHandler
 .text.EXTI1_IRQHandler
                0x08004966        0x6 Src\stm32f4xx_it.o
                0x08004966                EXTI1_IRQHandler
 .text.TIM1_UP_TIM10_IRQHandler
                0x0800496c       0x1c Src\stm32f4xx_it.o
                0x0800496c                TIM1_UP_TIM10_IRQHandler
 .text.USART2_IRQHandler
                0x08004988        0xc Src\stm32f4xx_it.o
                0x08004988                USART2_IRQHandler
 .text.DMA2_Stream0_IRQHandler
                0x08004994        0xc Src\stm32f4xx_it.o
                0x08004994                DMA2_Stream0_IRQHandler
 .text.SystemInit
                0x080049a0       0x4c Src\system_stm32f4xx.o
                0x080049a0                SystemInit
 .text.VL53L0X_GetVersion
                0x080049ec       0x16 Src\vl53l0x_api.o
                0x080049ec                VL53L0X_GetVersion
 .text.VL53L0X_GetDeviceInfo
                0x08004a02        0x4 Src\vl53l0x_api.o
                0x08004a02                VL53L0X_GetDeviceInfo
 .text.VL53L0X_SetDeviceAddress
                0x08004a06        0x8 Src\vl53l0x_api.o
                0x08004a06                VL53L0X_SetDeviceAddress
 *fill*         0x08004a0e        0x2 
 .text.VL53L0X_SetDeviceMode
                0x08004a10       0x20 Src\vl53l0x_api.o
                0x08004a10                VL53L0X_SetDeviceMode
 .text.VL53L0X_GetFractionEnable
                0x08004a30       0x18 Src\vl53l0x_api.o
                0x08004a30                VL53L0X_GetFractionEnable
 .text.VL53L0X_SetMeasurementTimingBudgetMicroSeconds
                0x08004a48        0x4 Src\vl53l0x_api.o
                0x08004a48                VL53L0X_SetMeasurementTimingBudgetMicroSeconds
 .text.VL53L0X_SetVcselPulsePeriod
                0x08004a4c        0x4 Src\vl53l0x_api.o
                0x08004a4c                VL53L0X_SetVcselPulsePeriod
 .text.VL53L0X_GetVcselPulsePeriod
                0x08004a50        0x4 Src\vl53l0x_api.o
                0x08004a50                VL53L0X_GetVcselPulsePeriod
 .text.VL53L0X_SetSequenceStepEnable
                0x08004a54       0xa6 Src\vl53l0x_api.o
                0x08004a54                VL53L0X_SetSequenceStepEnable
 .text.VL53L0X_GetSequenceStepEnables
                0x08004afa       0x38 Src\vl53l0x_api.o
                0x08004afa                VL53L0X_GetSequenceStepEnables
 .text.VL53L0X_GetSequenceStepTimeout
                0x08004b32       0x30 Src\vl53l0x_api.o
                0x08004b32                VL53L0X_GetSequenceStepTimeout
 .text.VL53L0X_GetInterMeasurementPeriodMilliSeconds
                0x08004b62       0x34 Src\vl53l0x_api.o
                0x08004b62                VL53L0X_GetInterMeasurementPeriodMilliSeconds
 .text.VL53L0X_GetXTalkCompensationEnable
                0x08004b96        0x8 Src\vl53l0x_api.o
                0x08004b96                VL53L0X_GetXTalkCompensationEnable
 .text.VL53L0X_GetXTalkCompensationRateMegaCps
                0x08004b9e       0x2e Src\vl53l0x_api.o
                0x08004b9e                VL53L0X_GetXTalkCompensationRateMegaCps
 .text.VL53L0X_SetRefCalibration
                0x08004bcc        0x4 Src\vl53l0x_api.o
                0x08004bcc                VL53L0X_SetRefCalibration
 .text.VL53L0X_SetLimitCheckEnable
                0x08004bd0       0x80 Src\vl53l0x_api.o
                0x08004bd0                VL53L0X_SetLimitCheckEnable
 .text.VL53L0X_GetLimitCheckEnable
                0x08004c50       0x1e Src\vl53l0x_api.o
                0x08004c50                VL53L0X_GetLimitCheckEnable
 .text.VL53L0X_SetLimitCheckValue
                0x08004c6e       0x5a Src\vl53l0x_api.o
                0x08004c6e                VL53L0X_SetLimitCheckValue
 .text.VL53L0X_GetLimitCheckValue
                0x08004cc8       0x6c Src\vl53l0x_api.o
                0x08004cc8                VL53L0X_GetLimitCheckValue
 .text.VL53L0X_GetWrapAroundCheckEnable
                0x08004d34       0x2e Src\vl53l0x_api.o
                0x08004d34                VL53L0X_GetWrapAroundCheckEnable
 .text.VL53L0X_GetDeviceParameters
                0x08004d62       0x76 Src\vl53l0x_api.o
                0x08004d62                VL53L0X_GetDeviceParameters
 .text.VL53L0X_DataInit
                0x08004dd8      0x19c Src\vl53l0x_api.o
                0x08004dd8                VL53L0X_DataInit
 .text.VL53L0X_GetRangingMeasurementData
                0x08004f74      0x13a Src\vl53l0x_api.o
                0x08004f74                VL53L0X_GetRangingMeasurementData
 *fill*         0x080050ae        0x2 
 .text.VL53L0X_GetInterruptThresholds
                0x080050b0       0x40 Src\vl53l0x_api.o
                0x080050b0                VL53L0X_GetInterruptThresholds
 .text.VL53L0X_CheckAndLoadInterruptSettings
                0x080050f0       0x80 Src\vl53l0x_api.o
                0x080050f0                VL53L0X_CheckAndLoadInterruptSettings
 .text.VL53L0X_StartMeasurement
                0x08005170       0xd4 Src\vl53l0x_api.o
                0x08005170                VL53L0X_StartMeasurement
 .text.VL53L0X_PerformSingleMeasurement
                0x08005244       0x24 Src\vl53l0x_api.o
                0x08005244                VL53L0X_PerformSingleMeasurement
 .text.VL53L0X_ClearInterruptMask
                0x08005268       0x58 Src\vl53l0x_api.o
                0x08005268                VL53L0X_ClearInterruptMask
 .text.VL53L0X_PerformSingleRangingMeasurement
                0x080052c0       0x28 Src\vl53l0x_api.o
                0x080052c0                VL53L0X_PerformSingleRangingMeasurement
 .text.VL53L0X_SetGpioConfig
                0x080052e8      0x158 Src\vl53l0x_api.o
                0x080052e8                VL53L0X_SetGpioConfig
 .text.VL53L0X_StaticInit
                0x08005440      0x1a0 Src\vl53l0x_api.o
                0x08005440                VL53L0X_StaticInit
 .text.VL53L0X_GetInterruptMaskStatus
                0x080055e0       0x26 Src\vl53l0x_api.o
                0x080055e0                VL53L0X_GetInterruptMaskStatus
 .text.VL53L0X_GetMeasurementDataReady
                0x08005606       0x3a Src\vl53l0x_api.o
                0x08005606                VL53L0X_GetMeasurementDataReady
 .text.VL53L0X_SetReferenceSpads
                0x08005640        0x4 Src\vl53l0x_api.o
                0x08005640                VL53L0X_SetReferenceSpads
 .text.VL53L0X_get_offset_calibration_data_micro_meter
                0x08005644       0x2e Src\vl53l0x_api_calibration.o
                0x08005644                VL53L0X_get_offset_calibration_data_micro_meter
 .text.get_next_good_spad
                0x08005672       0x4e Src\vl53l0x_api_calibration.o
                0x08005672                get_next_good_spad
 .text.is_aperture
                0x080056c0       0x14 Src\vl53l0x_api_calibration.o
                0x080056c0                is_aperture
 .text.enable_spad_bit
                0x080056d4       0x22 Src\vl53l0x_api_calibration.o
                0x080056d4                enable_spad_bit
 .text.set_ref_spad_map
                0x080056f6        0xa Src\vl53l0x_api_calibration.o
                0x080056f6                set_ref_spad_map
 .text.get_ref_spad_map
                0x08005700        0xa Src\vl53l0x_api_calibration.o
                0x08005700                get_ref_spad_map
 .text.enable_ref_spads
                0x0800570a       0x92 Src\vl53l0x_api_calibration.o
                0x0800570a                enable_ref_spads
 .text.perform_ref_signal_measurement
                0x0800579c       0x58 Src\vl53l0x_api_calibration.o
                0x0800579c                perform_ref_signal_measurement
 .text.VL53L0X_set_reference_spads
                0x080057f4       0xa8 Src\vl53l0x_api_calibration.o
                0x080057f4                VL53L0X_set_reference_spads
 .text.VL53L0X_perform_single_ref_calibration
                0x0800589c       0x32 Src\vl53l0x_api_calibration.o
                0x0800589c                VL53L0X_perform_single_ref_calibration
 .text.VL53L0X_ref_calibration_io
                0x080058ce       0xce Src\vl53l0x_api_calibration.o
                0x080058ce                VL53L0X_ref_calibration_io
 .text.VL53L0X_perform_vhv_calibration
                0x0800599c       0x74 Src\vl53l0x_api_calibration.o
                0x0800599c                VL53L0X_perform_vhv_calibration
 .text.VL53L0X_perform_phase_calibration
                0x08005a10       0x6e Src\vl53l0x_api_calibration.o
                0x08005a10                VL53L0X_perform_phase_calibration
 .text.VL53L0X_perform_ref_calibration
                0x08005a7e       0x36 Src\vl53l0x_api_calibration.o
                0x08005a7e                VL53L0X_perform_ref_calibration
 .text.VL53L0X_perform_ref_spad_management
                0x08005ab4      0x258 Src\vl53l0x_api_calibration.o
                0x08005ab4                VL53L0X_perform_ref_spad_management
 .text.VL53L0X_set_ref_calibration
                0x08005d0c       0x24 Src\vl53l0x_api_calibration.o
                0x08005d0c                VL53L0X_set_ref_calibration
 .text.VL53L0X_measurement_poll_for_completion
                0x08005d30       0x36 Src\vl53l0x_api_core.o
                0x08005d30                VL53L0X_measurement_poll_for_completion
 .text.VL53L0X_isqrt
                0x08005d66       0x2a Src\vl53l0x_api_core.o
                0x08005d66                VL53L0X_isqrt
 .text.VL53L0X_device_read_strobe
                0x08005d90       0x44 Src\vl53l0x_api_core.o
                0x08005d90                VL53L0X_device_read_strobe
 .text.VL53L0X_get_info_from_device
                0x08005dd4      0x564 Src\vl53l0x_api_core.o
                0x08005dd4                VL53L0X_get_info_from_device
 .text.VL53L0X_encode_timeout
                0x08006338       0x1e Src\vl53l0x_api_core.o
                0x08006338                VL53L0X_encode_timeout
 .text.VL53L0X_decode_timeout
                0x08006356        0xc Src\vl53l0x_api_core.o
                0x08006356                VL53L0X_decode_timeout
 *fill*         0x08006362        0x2 
 .text.VL53L0X_calc_timeout_mclks
                0x08006364       0x28 Src\vl53l0x_api_core.o
                0x08006364                VL53L0X_calc_timeout_mclks
 .text.VL53L0X_calc_timeout_us
                0x0800638c       0x20 Src\vl53l0x_api_core.o
                0x0800638c                VL53L0X_calc_timeout_us
 .text.get_sequence_step_timeout
                0x080063ac      0x100 Src\vl53l0x_api_core.o
                0x080063ac                get_sequence_step_timeout
 .text.set_sequence_step_timeout
                0x080064ac      0x106 Src\vl53l0x_api_core.o
                0x080064ac                set_sequence_step_timeout
 .text.VL53L0X_set_vcsel_pulse_period
                0x080065b2      0x21c Src\vl53l0x_api_core.o
                0x080065b2                VL53L0X_set_vcsel_pulse_period
 .text.VL53L0X_get_vcsel_pulse_period
                0x080067ce       0x32 Src\vl53l0x_api_core.o
                0x080067ce                VL53L0X_get_vcsel_pulse_period
 .text.VL53L0X_set_measurement_timing_budget_micro_seconds
                0x08006800       0xb4 Src\vl53l0x_api_core.o
                0x08006800                VL53L0X_set_measurement_timing_budget_micro_seconds
 .text.VL53L0X_get_measurement_timing_budget_micro_seconds
                0x080068b4       0xc8 Src\vl53l0x_api_core.o
                0x080068b4                VL53L0X_get_measurement_timing_budget_micro_seconds
 .text.VL53L0X_load_tuning_settings
                0x0800697c       0xaa Src\vl53l0x_api_core.o
                0x0800697c                VL53L0X_load_tuning_settings
 .text.VL53L0X_get_total_xtalk_rate
                0x08006a26       0x2c Src\vl53l0x_api_core.o
                0x08006a26                VL53L0X_get_total_xtalk_rate
 .text.VL53L0X_get_total_signal_rate
                0x08006a52       0x1c Src\vl53l0x_api_core.o
                0x08006a52                VL53L0X_get_total_signal_rate
 *fill*         0x08006a6e        0x2 
 .text.VL53L0X_calc_dmax
                0x08006a70       0xd8 Src\vl53l0x_api_core.o
                0x08006a70                VL53L0X_calc_dmax
 .text.VL53L0X_calc_sigma_estimate
                0x08006b48      0x218 Src\vl53l0x_api_core.o
                0x08006b48                VL53L0X_calc_sigma_estimate
 .text.VL53L0X_get_pal_range_status
                0x08006d60      0x1e8 Src\vl53l0x_api_core.o
                0x08006d60                VL53L0X_get_pal_range_status
 .text.VL53L0X_check_part_used
                0x08006f48       0x38 Src\vl53l0x_api_strings.o
                0x08006f48                VL53L0X_check_part_used
 .text.VL53L0X_get_device_info
                0x08006f80       0x84 Src\vl53l0x_api_strings.o
                0x08006f80                VL53L0X_get_device_info
 .text.VL53L0X_WriteMulti
                0x08007004       0x20 Src\vl53l0x_platform.o
                0x08007004                VL53L0X_WriteMulti
 .text.VL53L0X_ReadMulti
                0x08007024       0x20 Src\vl53l0x_platform.o
                0x08007024                VL53L0X_ReadMulti
 .text.VL53L0X_WrByte
                0x08007044       0x22 Src\vl53l0x_platform.o
                0x08007044                VL53L0X_WrByte
 .text.VL53L0X_WrWord
                0x08007066       0x16 Src\vl53l0x_platform.o
                0x08007066                VL53L0X_WrWord
 .text.VL53L0X_UpdateByte
                0x0800707c       0x42 Src\vl53l0x_platform.o
                0x0800707c                VL53L0X_UpdateByte
 .text.VL53L0X_RdByte
                0x080070be       0x18 Src\vl53l0x_platform.o
                0x080070be                VL53L0X_RdByte
 .text.VL53L0X_RdWord
                0x080070d6       0x16 Src\vl53l0x_platform.o
                0x080070d6                VL53L0X_RdWord
 .text.VL53L0X_RdDWord
                0x080070ec       0x16 Src\vl53l0x_platform.o
                0x080070ec                VL53L0X_RdDWord
 .text.VL53L0X_PollingDelay
                0x08007102       0x18 Src\vl53l0x_platform.o
                0x08007102                VL53L0X_PollingDelay
 *fill*         0x0800711a        0x2 
 .text.__libc_init_array
                0x0800711c       0x4c c:/program files (x86)/atollic/truestudio for arm 6.0.0/armtools/bin/../lib/gcc/arm-atollic-eabi/5.3.1/../../../../arm-atollic-eabi/lib/armv7e-m/fpu\libc.a(lib_a-init.o)
                0x0800711c                __libc_init_array
 .text.memcmp   0x08007168       0x1e c:/program files (x86)/atollic/truestudio for arm 6.0.0/armtools/bin/../lib/gcc/arm-atollic-eabi/5.3.1/../../../../arm-atollic-eabi/lib/armv7e-m/fpu\libc.a(lib_a-memcmp.o)
                0x08007168                memcmp
 .text.memset   0x08007186       0x10 c:/program files (x86)/atollic/truestudio for arm 6.0.0/armtools/bin/../lib/gcc/arm-atollic-eabi/5.3.1/../../../../arm-atollic-eabi/lib/armv7e-m/fpu\libc.a(lib_a-memset.o)
                0x08007186                memset
 .text.strcpy   0x08007196       0x10 c:/program files (x86)/atollic/truestudio for arm 6.0.0/armtools/bin/../lib/gcc/arm-atollic-eabi/5.3.1/../../../../arm-atollic-eabi/lib/armv7e-m/fpu\libc.a(lib_a-strcpy.o)
                0x08007196                strcpy
 .text._vsprintf_r
                0x080071a6       0x30 c:/program files (x86)/atollic/truestudio for arm 6.0.0/armtools/bin/../lib/gcc/arm-atollic-eabi/5.3.1/../../../../arm-atollic-eabi/lib/armv7e-m/fpu\libc.a(lib_a-vsprintf.o)
                0x080071a6                _vsprintf_r
 *fill*         0x080071d6        0x2 
 .text.vsprintf
                0x080071d8       0x14 c:/program files (x86)/atollic/truestudio for arm 6.0.0/armtools/bin/../lib/gcc/arm-atollic-eabi/5.3.1/../../../../arm-atollic-eabi/lib/armv7e-m/fpu\libc.a(lib_a-vsprintf.o)
                0x080071d8                vsprintf
 *fill*         0x080071ec        0x4 
 .text._svfprintf_r
                0x080071f0      0xf84 c:/program files (x86)/atollic/truestudio for arm 6.0.0/armtools/bin/../lib/gcc/arm-atollic-eabi/5.3.1/../../../../arm-atollic-eabi/lib/armv7e-m/fpu\libc.a(lib_a-svfprintf.o)
                0x080071f0                _svfprintf_r
 .text.quorem   0x08008174      0x11e c:/program files (x86)/atollic/truestudio for arm 6.0.0/armtools/bin/../lib/gcc/arm-atollic-eabi/5.3.1/../../../../arm-atollic-eabi/lib/armv7e-m/fpu\libc.a(lib_a-dtoa.o)
 *fill*         0x08008292        0x6 
 .text._dtoa_r  0x08008298      0xb40 c:/program files (x86)/atollic/truestudio for arm 6.0.0/armtools/bin/../lib/gcc/arm-atollic-eabi/5.3.1/../../../../arm-atollic-eabi/lib/armv7e-m/fpu\libc.a(lib_a-dtoa.o)
                0x08008298                _dtoa_r
 .text._localeconv_r
                0x08008dd8        0x8 c:/program files (x86)/atollic/truestudio for arm 6.0.0/armtools/bin/../lib/gcc/arm-atollic-eabi/5.3.1/../../../../arm-atollic-eabi/lib/armv7e-m/fpu\libc.a(lib_a-locale.o)
                0x08008dd8                _localeconv_r
 .text.malloc   0x08008de0       0x10 c:/program files (x86)/atollic/truestudio for arm 6.0.0/armtools/bin/../lib/gcc/arm-atollic-eabi/5.3.1/../../../../arm-atollic-eabi/lib/armv7e-m/fpu\libc.a(lib_a-malloc.o)
                0x08008de0                malloc
 .text._malloc_r
                0x08008df0      0x440 c:/program files (x86)/atollic/truestudio for arm 6.0.0/armtools/bin/../lib/gcc/arm-atollic-eabi/5.3.1/../../../../arm-atollic-eabi/lib/armv7e-m/fpu\libc.a(lib_a-mallocr.o)
                0x08008df0                _malloc_r
 .text.memcpy   0x08009230       0x16 c:/program files (x86)/atollic/truestudio for arm 6.0.0/armtools/bin/../lib/gcc/arm-atollic-eabi/5.3.1/../../../../arm-atollic-eabi/lib/armv7e-m/fpu\libc.a(lib_a-memcpy-stub.o)
                0x08009230                memcpy
 .text.__malloc_lock
                0x08009246        0x2 c:/program files (x86)/atollic/truestudio for arm 6.0.0/armtools/bin/../lib/gcc/arm-atollic-eabi/5.3.1/../../../../arm-atollic-eabi/lib/armv7e-m/fpu\libc.a(lib_a-mlock.o)
                0x08009246                __malloc_lock
 .text.__malloc_unlock
                0x08009248        0x2 c:/program files (x86)/atollic/truestudio for arm 6.0.0/armtools/bin/../lib/gcc/arm-atollic-eabi/5.3.1/../../../../arm-atollic-eabi/lib/armv7e-m/fpu\libc.a(lib_a-mlock.o)
                0x08009248                __malloc_unlock
 .text._Balloc  0x0800924a       0x6a c:/program files (x86)/atollic/truestudio for arm 6.0.0/armtools/bin/../lib/gcc/arm-atollic-eabi/5.3.1/../../../../arm-atollic-eabi/lib/armv7e-m/fpu\libc.a(lib_a-mprec.o)
                0x0800924a                _Balloc
 .text._Bfree   0x080092b4       0x2e c:/program files (x86)/atollic/truestudio for arm 6.0.0/armtools/bin/../lib/gcc/arm-atollic-eabi/5.3.1/../../../../arm-atollic-eabi/lib/armv7e-m/fpu\libc.a(lib_a-mprec.o)
                0x080092b4                _Bfree
 .text.__multadd
                0x080092e2       0x76 c:/program files (x86)/atollic/truestudio for arm 6.0.0/armtools/bin/../lib/gcc/arm-atollic-eabi/5.3.1/../../../../arm-atollic-eabi/lib/armv7e-m/fpu\libc.a(lib_a-mprec.o)
                0x080092e2                __multadd
 .text.__hi0bits
                0x08009358       0x40 c:/program files (x86)/atollic/truestudio for arm 6.0.0/armtools/bin/../lib/gcc/arm-atollic-eabi/5.3.1/../../../../arm-atollic-eabi/lib/armv7e-m/fpu\libc.a(lib_a-mprec.o)
                0x08009358                __hi0bits
 .text.__lo0bits
                0x08009398       0x5a c:/program files (x86)/atollic/truestudio for arm 6.0.0/armtools/bin/../lib/gcc/arm-atollic-eabi/5.3.1/../../../../arm-atollic-eabi/lib/armv7e-m/fpu\libc.a(lib_a-mprec.o)
                0x08009398                __lo0bits
 .text.__i2b    0x080093f2       0x12 c:/program files (x86)/atollic/truestudio for arm 6.0.0/armtools/bin/../lib/gcc/arm-atollic-eabi/5.3.1/../../../../arm-atollic-eabi/lib/armv7e-m/fpu\libc.a(lib_a-mprec.o)
                0x080093f2                __i2b
 .text.__multiply
                0x08009404      0x122 c:/program files (x86)/atollic/truestudio for arm 6.0.0/armtools/bin/../lib/gcc/arm-atollic-eabi/5.3.1/../../../../arm-atollic-eabi/lib/armv7e-m/fpu\libc.a(lib_a-mprec.o)
                0x08009404                __multiply
 *fill*         0x08009526        0x2 
 .text.__pow5mult
                0x08009528       0x9c c:/program files (x86)/atollic/truestudio for arm 6.0.0/armtools/bin/../lib/gcc/arm-atollic-eabi/5.3.1/../../../../arm-atollic-eabi/lib/armv7e-m/fpu\libc.a(lib_a-mprec.o)
                0x08009528                __pow5mult
 .text.__lshift
                0x080095c4       0xa2 c:/program files (x86)/atollic/truestudio for arm 6.0.0/armtools/bin/../lib/gcc/arm-atollic-eabi/5.3.1/../../../../arm-atollic-eabi/lib/armv7e-m/fpu\libc.a(lib_a-mprec.o)
                0x080095c4                __lshift
 .text.__mcmp   0x08009666       0x38 c:/program files (x86)/atollic/truestudio for arm 6.0.0/armtools/bin/../lib/gcc/arm-atollic-eabi/5.3.1/../../../../arm-atollic-eabi/lib/armv7e-m/fpu\libc.a(lib_a-mprec.o)
                0x08009666                __mcmp
 .text.__mdiff  0x0800969e       0xbe c:/program files (x86)/atollic/truestudio for arm 6.0.0/armtools/bin/../lib/gcc/arm-atollic-eabi/5.3.1/../../../../arm-atollic-eabi/lib/armv7e-m/fpu\libc.a(lib_a-mprec.o)
                0x0800969e                __mdiff
 .text.__d2b    0x0800975c       0x9c c:/program files (x86)/atollic/truestudio for arm 6.0.0/armtools/bin/../lib/gcc/arm-atollic-eabi/5.3.1/../../../../arm-atollic-eabi/lib/armv7e-m/fpu\libc.a(lib_a-mprec.o)
                0x0800975c                __d2b
 .text._sbrk_r  0x080097f8       0x20 c:/program files (x86)/atollic/truestudio for arm 6.0.0/armtools/bin/../lib/gcc/arm-atollic-eabi/5.3.1/../../../../arm-atollic-eabi/lib/armv7e-m/fpu\libc.a(lib_a-sbrkr.o)
                0x080097f8                _sbrk_r
 .text.__ssprint_r
                0x08009818       0xfe c:/program files (x86)/atollic/truestudio for arm 6.0.0/armtools/bin/../lib/gcc/arm-atollic-eabi/5.3.1/../../../../arm-atollic-eabi/lib/armv7e-m/fpu\libc.a(lib_a-svfiprintf.o)
                0x08009818                __ssprint_r
 .text._calloc_r
                0x08009916       0x5a c:/program files (x86)/atollic/truestudio for arm 6.0.0/armtools/bin/../lib/gcc/arm-atollic-eabi/5.3.1/../../../../arm-atollic-eabi/lib/armv7e-m/fpu\libc.a(lib_a-callocr.o)
                0x08009916                _calloc_r
 .text._malloc_trim_r
                0x08009970       0xac c:/program files (x86)/atollic/truestudio for arm 6.0.0/armtools/bin/../lib/gcc/arm-atollic-eabi/5.3.1/../../../../arm-atollic-eabi/lib/armv7e-m/fpu\libc.a(lib_a-freer.o)
                0x08009970                _malloc_trim_r
 .text._free_r  0x08009a1c      0x17c c:/program files (x86)/atollic/truestudio for arm 6.0.0/armtools/bin/../lib/gcc/arm-atollic-eabi/5.3.1/../../../../arm-atollic-eabi/lib/armv7e-m/fpu\libc.a(lib_a-freer.o)
                0x08009a1c                _free_r
 .text.memmove  0x08009b98       0x36 c:/program files (x86)/atollic/truestudio for arm 6.0.0/armtools/bin/../lib/gcc/arm-atollic-eabi/5.3.1/../../../../arm-atollic-eabi/lib/armv7e-m/fpu\libc.a(lib_a-memmove.o)
                0x08009b98                memmove
 *fill*         0x08009bce        0x2 
 .text._realloc_r
                0x08009bd0      0x350 c:/program files (x86)/atollic/truestudio for arm 6.0.0/armtools/bin/../lib/gcc/arm-atollic-eabi/5.3.1/../../../../arm-atollic-eabi/lib/armv7e-m/fpu\libc.a(lib_a-reallocr.o)
                0x08009bd0                _realloc_r
 .text._sbrk    0x08009f20       0x1c c:/program files (x86)/atollic/truestudio for arm 6.0.0/armtools/bin/../lib/gcc/arm-atollic-eabi/5.3.1/../../../../arm-atollic-eabi/lib/armv7e-m/fpu\libnosys.a(sbrk.o)
                0x08009f20                _sbrk
 *(.glue_7)
 .glue_7        0x08009f3c        0x0 linker stubs
 *(.glue_7t)
 .glue_7t       0x08009f3c        0x0 linker stubs
 *(.eh_frame)
 .eh_frame      0x08009f3c        0x0 c:/program files (x86)/atollic/truestudio for arm 6.0.0/armtools/bin/../lib/gcc/arm-atollic-eabi/5.3.1/armv7e-m/fpu/crtbegin.o
 *(.init)
 .init          0x08009f3c        0x4 c:/program files (x86)/atollic/truestudio for arm 6.0.0/armtools/bin/../lib/gcc/arm-atollic-eabi/5.3.1/armv7e-m/fpu/crti.o
                0x08009f3c                _init
 .init          0x08009f40        0x8 c:/program files (x86)/atollic/truestudio for arm 6.0.0/armtools/bin/../lib/gcc/arm-atollic-eabi/5.3.1/armv7e-m/fpu/crtn.o
 *(.fini)
 .fini          0x08009f48        0x4 c:/program files (x86)/atollic/truestudio for arm 6.0.0/armtools/bin/../lib/gcc/arm-atollic-eabi/5.3.1/armv7e-m/fpu/crti.o
                0x08009f48                _fini
 .fini          0x08009f4c        0x8 c:/program files (x86)/atollic/truestudio for arm 6.0.0/armtools/bin/../lib/gcc/arm-atollic-eabi/5.3.1/armv7e-m/fpu/crtn.o
                0x08009f54                . = ALIGN (0x4)
                0x08009f54                _etext = .

.vfp11_veneer   0x08009f54        0x0
 .vfp11_veneer  0x08009f54        0x0 linker stubs

.v4_bx          0x08009f54        0x0
 .v4_bx         0x08009f54        0x0 linker stubs

.iplt           0x08009f54        0x0
 .iplt          0x08009f54        0x0 c:/program files (x86)/atollic/truestudio for arm 6.0.0/armtools/bin/../lib/gcc/arm-atollic-eabi/5.3.1/armv7e-m/fpu/crtbegin.o

.rodata         0x08009f58      0x5fc
                0x08009f58                . = ALIGN (0x4)
 *(.rodata)
 *(.rodata*)
 .rodata.flagBitshiftOffset.8059
                0x08009f58        0x8 Drivers\STM32F4xx_HAL_Driver\Src\stm32f4xx_hal_dma.o
 .rodata.APBAHBPrescTable
                0x08009f60       0x10 Drivers\STM32F4xx_HAL_Driver\Src\stm32f4xx_hal_rcc.o
                0x08009f60                APBAHBPrescTable
 .rodata.str1.1
                0x08009f70       0x47 Src\main.o
 .rodata.str1.1
                0x08009fb7      0x437 Src\vl53l0x_api_strings.o
                                0x453 (size before relaxing)
 .rodata.str1.1
                0x0800a3ee      0x437 c:/program files (x86)/atollic/truestudio for arm 6.0.0/armtools/bin/../lib/gcc/arm-atollic-eabi/5.3.1/../../../../arm-atollic-eabi/lib/armv7e-m/fpu\libc.a(lib_a-impure.o)
                                  0x2 (size before relaxing)
 .rodata.zeroes.7045
                0x0800a3ee       0x10 c:/program files (x86)/atollic/truestudio for arm 6.0.0/armtools/bin/../lib/gcc/arm-atollic-eabi/5.3.1/../../../../arm-atollic-eabi/lib/armv7e-m/fpu\libc.a(lib_a-svfprintf.o)
 .rodata.str1.1
                0x0800a3fe       0x32 c:/program files (x86)/atollic/truestudio for arm 6.0.0/armtools/bin/../lib/gcc/arm-atollic-eabi/5.3.1/../../../../arm-atollic-eabi/lib/armv7e-m/fpu\libc.a(lib_a-svfprintf.o)
                                 0x34 (size before relaxing)
 .rodata.blanks.7044
                0x0800a430       0x10 c:/program files (x86)/atollic/truestudio for arm 6.0.0/armtools/bin/../lib/gcc/arm-atollic-eabi/5.3.1/../../../../arm-atollic-eabi/lib/armv7e-m/fpu\libc.a(lib_a-svfprintf.o)
 .rodata.str1.1
                0x0800a440        0xd c:/program files (x86)/atollic/truestudio for arm 6.0.0/armtools/bin/../lib/gcc/arm-atollic-eabi/5.3.1/../../../../arm-atollic-eabi/lib/armv7e-m/fpu\libc.a(lib_a-dtoa.o)
                                  0xf (size before relaxing)
 .rodata.str1.1
                0x0800a44d        0x8 c:/program files (x86)/atollic/truestudio for arm 6.0.0/armtools/bin/../lib/gcc/arm-atollic-eabi/5.3.1/../../../../arm-atollic-eabi/lib/armv7e-m/fpu\libc.a(lib_a-locale.o)
                                  0xb (size before relaxing)
 *fill*         0x0800a455        0x3 
 .rodata.__mprec_tens
                0x0800a458       0xc8 c:/program files (x86)/atollic/truestudio for arm 6.0.0/armtools/bin/../lib/gcc/arm-atollic-eabi/5.3.1/../../../../arm-atollic-eabi/lib/armv7e-m/fpu\libc.a(lib_a-mprec.o)
                0x0800a458                __mprec_tens
 .rodata.__mprec_bigtens
                0x0800a520       0x28 c:/program files (x86)/atollic/truestudio for arm 6.0.0/armtools/bin/../lib/gcc/arm-atollic-eabi/5.3.1/../../../../arm-atollic-eabi/lib/armv7e-m/fpu\libc.a(lib_a-mprec.o)
                0x0800a520                __mprec_bigtens
 .rodata.p05.5388
                0x0800a548        0xc c:/program files (x86)/atollic/truestudio for arm 6.0.0/armtools/bin/../lib/gcc/arm-atollic-eabi/5.3.1/../../../../arm-atollic-eabi/lib/armv7e-m/fpu\libc.a(lib_a-mprec.o)
                0x0800a554                . = ALIGN (0x4)

.ARM.extab
 *(.ARM.extab* .gnu.linkonce.armextab.*)

.ARM            0x0800a554        0x8
                0x0800a554                __exidx_start = .
 *(.ARM.exidx*)
 .ARM.exidx     0x0800a554        0x8 c:/program files (x86)/atollic/truestudio for arm 6.0.0/armtools/bin/../lib/gcc/arm-atollic-eabi/5.3.1/armv7e-m/fpu\libgcc.a(_udivmoddi4.o)
                0x0800a55c                __exidx_end = .

.rel.dyn        0x0800a55c        0x0
 .rel.iplt      0x0800a55c        0x0 c:/program files (x86)/atollic/truestudio for arm 6.0.0/armtools/bin/../lib/gcc/arm-atollic-eabi/5.3.1/armv7e-m/fpu/crtbegin.o

.preinit_array  0x0800a55c        0x0
                0x0800a55c                PROVIDE (__preinit_array_start, .)
 *(.preinit_array*)
                0x0800a55c                PROVIDE (__preinit_array_end, .)

.init_array     0x0800a55c        0x4
                0x0800a55c                PROVIDE (__init_array_start, .)
 *(SORT(.init_array.*))
 *(.init_array*)
 .init_array    0x0800a55c        0x4 c:/program files (x86)/atollic/truestudio for arm 6.0.0/armtools/bin/../lib/gcc/arm-atollic-eabi/5.3.1/armv7e-m/fpu/crtbegin.o
                0x0800a560                PROVIDE (__init_array_end, .)

.fini_array     0x0800a560        0x4
                [!provide]                PROVIDE (__fini_array_start, .)
 *(SORT(.fini_array.*))
 *(.fini_array*)
 .fini_array    0x0800a560        0x4 c:/program files (x86)/atollic/truestudio for arm 6.0.0/armtools/bin/../lib/gcc/arm-atollic-eabi/5.3.1/armv7e-m/fpu/crtbegin.o
                [!provide]                PROVIDE (__fini_array_end, .)
                0x0800a564                _sidata = LOADADDR (.data)

.data           0x20000000      0x818 load address 0x0800a564
                0x20000000                . = ALIGN (0x4)
                0x20000000                _sdata = .
 *(.data)
 *(.data*)
 .data.directionMot3
                0x20000000        0x1 Src\motion.o
                0x20000000                directionMot3
 .data.directionMot1
                0x20000001        0x1 Src\motion.o
                0x20000001                directionMot1
 .data.directionMot2
                0x20000002        0x1 Src\motion.o
                0x20000002                directionMot2
 .data.directionMot4
                0x20000003        0x1 Src\motion.o
                0x20000003                directionMot4
 .data.SystemCoreClock
                0x20000004        0x4 Src\system_stm32f4xx.o
                0x20000004                SystemCoreClock
 .data.DefaultTuningSettings
                0x20000008       0xf3 Src\vl53l0x_api.o
                0x20000008                DefaultTuningSettings
 .data.InterruptThresholdSettings
                0x200000fb      0x1b6 Src\vl53l0x_api.o
                0x200000fb                InterruptThresholdSettings
 *fill*         0x200002b1        0x3 
 .data.refArrayQuadrants
                0x200002b4       0x10 Src\vl53l0x_api_calibration.o
                0x200002b4                refArrayQuadrants
 .data.pVersion2
                0x200002c4        0x4 Src\vl53l0x_user_port.o
                0x200002c4                pVersion2
 .data.pVersion
                0x200002c8        0x4 Src\vl53l0x_user_port.o
                0x200002c8                pVersion
 .data.pRangingMeasurementData
                0x200002cc        0x4 Src\vl53l0x_user_port.o
                0x200002cc                pRangingMeasurementData
 .data.pRangingMeasurementData2
                0x200002d0        0x4 Src\vl53l0x_user_port.o
                0x200002d0                pRangingMeasurementData2
 .data.pMyDevice2
                0x200002d4        0x4 Src\vl53l0x_user_port.o
                0x200002d4                pMyDevice2
 .data.pMyDevice
                0x200002d8        0x4 Src\vl53l0x_user_port.o
                0x200002d8                pMyDevice
 .data.impure_data
                0x200002dc       0xf0 c:/program files (x86)/atollic/truestudio for arm 6.0.0/armtools/bin/../lib/gcc/arm-atollic-eabi/5.3.1/../../../../arm-atollic-eabi/lib/armv7e-m/fpu\libc.a(lib_a-impure.o)
 .data._impure_ptr
                0x200003cc        0x4 c:/program files (x86)/atollic/truestudio for arm 6.0.0/armtools/bin/../lib/gcc/arm-atollic-eabi/5.3.1/../../../../arm-atollic-eabi/lib/armv7e-m/fpu\libc.a(lib_a-impure.o)
                0x200003cc                _impure_ptr
 .data.lconv    0x200003d0       0x38 c:/program files (x86)/atollic/truestudio for arm 6.0.0/armtools/bin/../lib/gcc/arm-atollic-eabi/5.3.1/../../../../arm-atollic-eabi/lib/armv7e-m/fpu\libc.a(lib_a-locale.o)
 .data.__malloc_av_
                0x20000408      0x408 c:/program files (x86)/atollic/truestudio for arm 6.0.0/armtools/bin/../lib/gcc/arm-atollic-eabi/5.3.1/../../../../arm-atollic-eabi/lib/armv7e-m/fpu\libc.a(lib_a-mallocr.o)
                0x20000408                __malloc_av_
 .data.__malloc_trim_threshold
                0x20000810        0x4 c:/program files (x86)/atollic/truestudio for arm 6.0.0/armtools/bin/../lib/gcc/arm-atollic-eabi/5.3.1/../../../../arm-atollic-eabi/lib/armv7e-m/fpu\libc.a(lib_a-mallocr.o)
                0x20000810                __malloc_trim_threshold
 .data.__malloc_sbrk_base
                0x20000814        0x4 c:/program files (x86)/atollic/truestudio for arm 6.0.0/armtools/bin/../lib/gcc/arm-atollic-eabi/5.3.1/../../../../arm-atollic-eabi/lib/armv7e-m/fpu\libc.a(lib_a-mallocr.o)
                0x20000814                __malloc_sbrk_base
                0x20000818                . = ALIGN (0x4)
                0x20000818                _edata = .
                0x0800ad7c                _siccmram = LOADADDR (.ccmram)

.igot.plt       0x20000818        0x0 load address 0x0800ad7c
 .igot.plt      0x20000818        0x0 c:/program files (x86)/atollic/truestudio for arm 6.0.0/armtools/bin/../lib/gcc/arm-atollic-eabi/5.3.1/armv7e-m/fpu/crtbegin.o

.ccmram         0x10000000        0x0 load address 0x0800ad7c
                0x10000000                . = ALIGN (0x4)
                0x10000000                _sccmram = .
 *(.ccmram)
 *(.ccmram*)
                0x10000000                . = ALIGN (0x4)
                0x10000000                _eccmram = .
                0x10000000                . = ALIGN (0x4)

.bss            0x20000818      0x80c
                0x20000818                _sbss = .
                0x20000818                __bss_start__ = _sbss
 *(.bss)
 .bss           0x20000818       0x1c c:/program files (x86)/atollic/truestudio for arm 6.0.0/armtools/bin/../lib/gcc/arm-atollic-eabi/5.3.1/armv7e-m/fpu/crtbegin.o
 *(.bss*)
 .bss.diff      0x20000834        0x4 Src\main.o
                0x20000834                diff
 .bss.measurement2
                0x20000838        0x4 Src\main.o
                0x20000838                measurement2
 .bss.state     0x2000083c        0x1 Src\main.o
 .bss.dataReady
                0x2000083d        0x1 Src\main.o
                0x2000083d                dataReady
 *fill*         0x2000083e        0x2 
 .bss.measurement
                0x20000840        0x4 Src\main.o
                0x20000840                measurement
 .bss.KTIR_data
                0x20000844        0xa Src\main.o
                0x20000844                KTIR_data
 .bss.actPulse2.8046
                0x2000084e        0x4 Src\motion.o
 .bss.reqSpeedLeft
                0x20000852        0x2 Src\motion.o
                0x20000852                reqSpeedLeft
 .bss.reqSpeedRight
                0x20000854        0x2 Src\motion.o
                0x20000854                reqSpeedRight
 .bss.actPulse1.8045
                0x20000856        0x4 Src\motion.o
 .bss.actPulse4.8048
                0x2000085a        0x4 Src\motion.o
 .bss.actPulse3.8047
                0x2000085e        0x4 Src\motion.o
 .bss.Status    0x20000862        0x1 Src\vl53l0x_user_port.o
                0x20000862                Status
 .bss.Status2   0x20000863        0x1 Src\vl53l0x_user_port.o
                0x20000863                Status2
 .bss.__malloc_max_total_mem
                0x20000864        0x4 c:/program files (x86)/atollic/truestudio for arm 6.0.0/armtools/bin/../lib/gcc/arm-atollic-eabi/5.3.1/../../../../arm-atollic-eabi/lib/armv7e-m/fpu\libc.a(lib_a-mallocr.o)
                0x20000864                __malloc_max_total_mem
 .bss.__malloc_max_sbrked_mem
                0x20000868        0x4 c:/program files (x86)/atollic/truestudio for arm 6.0.0/armtools/bin/../lib/gcc/arm-atollic-eabi/5.3.1/../../../../arm-atollic-eabi/lib/armv7e-m/fpu\libc.a(lib_a-mallocr.o)
                0x20000868                __malloc_max_sbrked_mem
 .bss.__malloc_top_pad
                0x2000086c        0x4 c:/program files (x86)/atollic/truestudio for arm 6.0.0/armtools/bin/../lib/gcc/arm-atollic-eabi/5.3.1/../../../../arm-atollic-eabi/lib/armv7e-m/fpu\libc.a(lib_a-mallocr.o)
                0x2000086c                __malloc_top_pad
 .bss.__malloc_current_mallinfo
                0x20000870       0x28 c:/program files (x86)/atollic/truestudio for arm 6.0.0/armtools/bin/../lib/gcc/arm-atollic-eabi/5.3.1/../../../../arm-atollic-eabi/lib/armv7e-m/fpu\libc.a(lib_a-mallocr.o)
                0x20000870                __malloc_current_mallinfo
 .bss.heap_end.4169
                0x20000898        0x4 c:/program files (x86)/atollic/truestudio for arm 6.0.0/armtools/bin/../lib/gcc/arm-atollic-eabi/5.3.1/../../../../arm-atollic-eabi/lib/armv7e-m/fpu\libnosys.a(sbrk.o)
 *(COMMON)
 COMMON         0x2000089c        0x4 Drivers\STM32F4xx_HAL_Driver\Src\stm32f4xx_hal.o
                0x2000089c                uwTick
 COMMON         0x200008a0       0x40 Src\communication.o
                0x200008a0                Received
                0x200008a4                buffer_print
 COMMON         0x200008e0      0x2f8 Src\hardware.o
                0x200008e0                htim8
                0x2000091c                htim4
                0x20000958                hi2c1
                0x200009ac                htim10
                0x200009e8                hi2c2
                0x20000a3c                htim3
                0x20000a78                hadc1
                0x20000ac0                hdma_adc1
                0x20000b20                htim1
                0x20000b5c                htim2
                0x20000b98                huart2
 COMMON         0x20000bd8       0x70 Src\motion.o
                0x20000bd8                pid_params_mot2
                0x20000bf4                pid_params_mot3
                0x20000c10                pid_params_mot1
                0x20000c2c                pid_params_mot4
 COMMON         0x20000c48      0x3d8 Src\vl53l0x_user_port.o
                0x20000c48                status_int2
                0x20000c4c                DeviceInfo2
                0x20000cb0                status_int
                0x20000cb4                RangingMeasurementData2
                0x20000cd0                MyDevice2
                0x20000e30                MyDevice
                0x20000f90                DeviceInfo
                0x20000ff4                Version
                0x20000ffc                Version2
                0x20001004                RangingMeasurementData
 COMMON         0x20001020        0x4 c:/program files (x86)/atollic/truestudio for arm 6.0.0/armtools/bin/../lib/gcc/arm-atollic-eabi/5.3.1/../../../../arm-atollic-eabi/lib/armv7e-m/fpu\libc.a(lib_a-reent.o)
                0x20001020                errno
                0x20001024                . = ALIGN (0x4)
                0x20001024                _ebss = .
                0x20001024                __bss_end__ = _ebss

._user_heap_stack
                0x20001024      0x600
                0x20001024                . = ALIGN (0x4)
                0x20001024                PROVIDE (end, .)
                [!provide]                PROVIDE (_end, .)
                0x20001224                . = (. + _Min_Heap_Size)
 *fill*         0x20001024      0x200 
                0x20001624                . = (. + _Min_Stack_Size)
 *fill*         0x20001224      0x400 
                0x20001624                . = ALIGN (0x4)

/DISCARD/
 libc.a(*)
 libm.a(*)
 libgcc.a(*)

.ARM.attributes
                0x00000000       0x30
 *(.ARM.attributes)
 .ARM.attributes
                0x00000000       0x22 c:/program files (x86)/atollic/truestudio for arm 6.0.0/armtools/bin/../lib/gcc/arm-atollic-eabi/5.3.1/armv7e-m/fpu/crti.o
 .ARM.attributes
                0x00000022       0x34 c:/program files (x86)/atollic/truestudio for arm 6.0.0/armtools/bin/../lib/gcc/arm-atollic-eabi/5.3.1/armv7e-m/fpu/crtbegin.o
 .ARM.attributes
                0x00000056       0x21 Drivers\CMSIS\Device\ST\STM32F4xx\Source\Templates\gcc\startup_stm32f407xx.o
 .ARM.attributes
                0x00000077       0x39 Drivers\STM32F4xx_HAL_Driver\Src\stm32f4xx_hal.o
 .ARM.attributes
                0x000000b0       0x39 Drivers\STM32F4xx_HAL_Driver\Src\stm32f4xx_hal_adc.o
 .ARM.attributes
                0x000000e9       0x39 Drivers\STM32F4xx_HAL_Driver\Src\stm32f4xx_hal_cortex.o
 .ARM.attributes
                0x00000122       0x39 Drivers\STM32F4xx_HAL_Driver\Src\stm32f4xx_hal_dma.o
 .ARM.attributes
                0x0000015b       0x39 Drivers\STM32F4xx_HAL_Driver\Src\stm32f4xx_hal_gpio.o
 .ARM.attributes
                0x00000194       0x39 Drivers\STM32F4xx_HAL_Driver\Src\stm32f4xx_hal_i2c.o
 .ARM.attributes
                0x000001cd       0x39 Drivers\STM32F4xx_HAL_Driver\Src\stm32f4xx_hal_rcc.o
 .ARM.attributes
                0x00000206       0x39 Drivers\STM32F4xx_HAL_Driver\Src\stm32f4xx_hal_tim.o
 .ARM.attributes
                0x0000023f       0x39 Drivers\STM32F4xx_HAL_Driver\Src\stm32f4xx_hal_tim_ex.o
 .ARM.attributes
                0x00000278       0x39 Drivers\STM32F4xx_HAL_Driver\Src\stm32f4xx_hal_uart.o
 .ARM.attributes
                0x000002b1       0x39 Src\I2C.o
 .ARM.attributes
                0x000002ea       0x39 Src\communication.o
 .ARM.attributes
                0x00000323       0x39 Src\hardware.o
 .ARM.attributes
                0x0000035c       0x39 Src\main.o
 .ARM.attributes
                0x00000395       0x39 Src\motion.o
 .ARM.attributes
                0x000003ce       0x39 Src\pid.o
 .ARM.attributes
                0x00000407       0x39 Src\stm32f4xx_hal_msp.o
 .ARM.attributes
                0x00000440       0x39 Src\stm32f4xx_it.o
 .ARM.attributes
                0x00000479       0x39 Src\system_stm32f4xx.o
 .ARM.attributes
                0x000004b2       0x39 Src\vl53l0x_api.o
 .ARM.attributes
                0x000004eb       0x39 Src\vl53l0x_api_calibration.o
 .ARM.attributes
                0x00000524       0x39 Src\vl53l0x_api_core.o
 .ARM.attributes
                0x0000055d       0x39 Src\vl53l0x_api_strings.o
 .ARM.attributes
                0x00000596       0x39 Src\vl53l0x_platform.o
 .ARM.attributes
                0x000005cf       0x39 Src\vl53l0x_user_port.o
 .ARM.attributes
                0x00000608       0x34 c:/program files (x86)/atollic/truestudio for arm 6.0.0/armtools/bin/../lib/gcc/arm-atollic-eabi/5.3.1/../../../../arm-atollic-eabi/lib/armv7e-m/fpu\libc.a(lib_a-init.o)
 .ARM.attributes
                0x0000063c       0x34 c:/program files (x86)/atollic/truestudio for arm 6.0.0/armtools/bin/../lib/gcc/arm-atollic-eabi/5.3.1/../../../../arm-atollic-eabi/lib/armv7e-m/fpu\libc.a(lib_a-memcmp.o)
 .ARM.attributes
                0x00000670       0x34 c:/program files (x86)/atollic/truestudio for arm 6.0.0/armtools/bin/../lib/gcc/arm-atollic-eabi/5.3.1/../../../../arm-atollic-eabi/lib/armv7e-m/fpu\libc.a(lib_a-memset.o)
 .ARM.attributes
                0x000006a4       0x34 c:/program files (x86)/atollic/truestudio for arm 6.0.0/armtools/bin/../lib/gcc/arm-atollic-eabi/5.3.1/../../../../arm-atollic-eabi/lib/armv7e-m/fpu\libc.a(lib_a-strcpy.o)
 .ARM.attributes
                0x000006d8       0x1b c:/program files (x86)/atollic/truestudio for arm 6.0.0/armtools/bin/../lib/gcc/arm-atollic-eabi/5.3.1/../../../../arm-atollic-eabi/lib/armv7e-m/fpu\libc.a(lib_a-strlen.o)
 .ARM.attributes
                0x000006f3       0x34 c:/program files (x86)/atollic/truestudio for arm 6.0.0/armtools/bin/../lib/gcc/arm-atollic-eabi/5.3.1/../../../../arm-atollic-eabi/lib/armv7e-m/fpu\libc.a(lib_a-vsprintf.o)
 .ARM.attributes
                0x00000727       0x34 c:/program files (x86)/atollic/truestudio for arm 6.0.0/armtools/bin/../lib/gcc/arm-atollic-eabi/5.3.1/../../../../arm-atollic-eabi/lib/armv7e-m/fpu\libc.a(lib_a-impure.o)
 .ARM.attributes
                0x0000075b       0x34 c:/program files (x86)/atollic/truestudio for arm 6.0.0/armtools/bin/../lib/gcc/arm-atollic-eabi/5.3.1/../../../../arm-atollic-eabi/lib/armv7e-m/fpu\libc.a(lib_a-svfprintf.o)
 .ARM.attributes
                0x0000078f       0x34 c:/program files (x86)/atollic/truestudio for arm 6.0.0/armtools/bin/../lib/gcc/arm-atollic-eabi/5.3.1/../../../../arm-atollic-eabi/lib/armv7e-m/fpu\libc.a(lib_a-dtoa.o)
 .ARM.attributes
                0x000007c3       0x34 c:/program files (x86)/atollic/truestudio for arm 6.0.0/armtools/bin/../lib/gcc/arm-atollic-eabi/5.3.1/../../../../arm-atollic-eabi/lib/armv7e-m/fpu\libc.a(lib_a-locale.o)
 .ARM.attributes
                0x000007f7       0x34 c:/program files (x86)/atollic/truestudio for arm 6.0.0/armtools/bin/../lib/gcc/arm-atollic-eabi/5.3.1/../../../../arm-atollic-eabi/lib/armv7e-m/fpu\libc.a(lib_a-malloc.o)
 .ARM.attributes
                0x0000082b       0x34 c:/program files (x86)/atollic/truestudio for arm 6.0.0/armtools/bin/../lib/gcc/arm-atollic-eabi/5.3.1/../../../../arm-atollic-eabi/lib/armv7e-m/fpu\libc.a(lib_a-mallocr.o)
 .ARM.attributes
                0x0000085f       0x20 c:/program files (x86)/atollic/truestudio for arm 6.0.0/armtools/bin/../lib/gcc/arm-atollic-eabi/5.3.1/../../../../arm-atollic-eabi/lib/armv7e-m/fpu\libc.a(lib_a-memchr.o)
 .ARM.attributes
                0x0000087f       0x34 c:/program files (x86)/atollic/truestudio for arm 6.0.0/armtools/bin/../lib/gcc/arm-atollic-eabi/5.3.1/../../../../arm-atollic-eabi/lib/armv7e-m/fpu\libc.a(lib_a-memcpy-stub.o)
 .ARM.attributes
                0x000008b3       0x34 c:/program files (x86)/atollic/truestudio for arm 6.0.0/armtools/bin/../lib/gcc/arm-atollic-eabi/5.3.1/../../../../arm-atollic-eabi/lib/armv7e-m/fpu\libc.a(lib_a-mlock.o)
 .ARM.attributes
                0x000008e7       0x34 c:/program files (x86)/atollic/truestudio for arm 6.0.0/armtools/bin/../lib/gcc/arm-atollic-eabi/5.3.1/../../../../arm-atollic-eabi/lib/armv7e-m/fpu\libc.a(lib_a-mprec.o)
 .ARM.attributes
                0x0000091b       0x34 c:/program files (x86)/atollic/truestudio for arm 6.0.0/armtools/bin/../lib/gcc/arm-atollic-eabi/5.3.1/../../../../arm-atollic-eabi/lib/armv7e-m/fpu\libc.a(lib_a-sbrkr.o)
 .ARM.attributes
                0x0000094f       0x34 c:/program files (x86)/atollic/truestudio for arm 6.0.0/armtools/bin/../lib/gcc/arm-atollic-eabi/5.3.1/../../../../arm-atollic-eabi/lib/armv7e-m/fpu\libc.a(lib_a-svfiprintf.o)
 .ARM.attributes
                0x00000983       0x34 c:/program files (x86)/atollic/truestudio for arm 6.0.0/armtools/bin/../lib/gcc/arm-atollic-eabi/5.3.1/../../../../arm-atollic-eabi/lib/armv7e-m/fpu\libc.a(lib_a-callocr.o)
 .ARM.attributes
                0x000009b7       0x34 c:/program files (x86)/atollic/truestudio for arm 6.0.0/armtools/bin/../lib/gcc/arm-atollic-eabi/5.3.1/../../../../arm-atollic-eabi/lib/armv7e-m/fpu\libc.a(lib_a-freer.o)
 .ARM.attributes
                0x000009eb       0x34 c:/program files (x86)/atollic/truestudio for arm 6.0.0/armtools/bin/../lib/gcc/arm-atollic-eabi/5.3.1/../../../../arm-atollic-eabi/lib/armv7e-m/fpu\libc.a(lib_a-memmove.o)
 .ARM.attributes
                0x00000a1f       0x34 c:/program files (x86)/atollic/truestudio for arm 6.0.0/armtools/bin/../lib/gcc/arm-atollic-eabi/5.3.1/../../../../arm-atollic-eabi/lib/armv7e-m/fpu\libc.a(lib_a-reallocr.o)
 .ARM.attributes
                0x00000a53       0x34 c:/program files (x86)/atollic/truestudio for arm 6.0.0/armtools/bin/../lib/gcc/arm-atollic-eabi/5.3.1/../../../../arm-atollic-eabi/lib/armv7e-m/fpu\libc.a(lib_a-reent.o)
 .ARM.attributes
                0x00000a87       0x22 c:/program files (x86)/atollic/truestudio for arm 6.0.0/armtools/bin/../lib/gcc/arm-atollic-eabi/5.3.1/armv7e-m/fpu\libgcc.a(_arm_addsubdf3.o)
 .ARM.attributes
                0x00000aa9       0x22 c:/program files (x86)/atollic/truestudio for arm 6.0.0/armtools/bin/../lib/gcc/arm-atollic-eabi/5.3.1/armv7e-m/fpu\libgcc.a(_arm_muldivdf3.o)
 .ARM.attributes
                0x00000acb       0x22 c:/program files (x86)/atollic/truestudio for arm 6.0.0/armtools/bin/../lib/gcc/arm-atollic-eabi/5.3.1/armv7e-m/fpu\libgcc.a(_arm_cmpdf2.o)
 .ARM.attributes
                0x00000aed       0x22 c:/program files (x86)/atollic/truestudio for arm 6.0.0/armtools/bin/../lib/gcc/arm-atollic-eabi/5.3.1/armv7e-m/fpu\libgcc.a(_arm_unorddf2.o)
 .ARM.attributes
                0x00000b0f       0x22 c:/program files (x86)/atollic/truestudio for arm 6.0.0/armtools/bin/../lib/gcc/arm-atollic-eabi/5.3.1/armv7e-m/fpu\libgcc.a(_arm_fixdfsi.o)
 .ARM.attributes
                0x00000b31       0x22 c:/program files (x86)/atollic/truestudio for arm 6.0.0/armtools/bin/../lib/gcc/arm-atollic-eabi/5.3.1/armv7e-m/fpu\libgcc.a(_aeabi_uldivmod.o)
 .ARM.attributes
                0x00000b53       0x34 c:/program files (x86)/atollic/truestudio for arm 6.0.0/armtools/bin/../lib/gcc/arm-atollic-eabi/5.3.1/armv7e-m/fpu\libgcc.a(_udivmoddi4.o)
 .ARM.attributes
                0x00000b87       0x22 c:/program files (x86)/atollic/truestudio for arm 6.0.0/armtools/bin/../lib/gcc/arm-atollic-eabi/5.3.1/armv7e-m/fpu\libgcc.a(_dvmd_tls.o)
 .ARM.attributes
                0x00000ba9       0x34 c:/program files (x86)/atollic/truestudio for arm 6.0.0/armtools/bin/../lib/gcc/arm-atollic-eabi/5.3.1/../../../../arm-atollic-eabi/lib/armv7e-m/fpu\libnosys.a(sbrk.o)
 .ARM.attributes
                0x00000bdd       0x22 c:/program files (x86)/atollic/truestudio for arm 6.0.0/armtools/bin/../lib/gcc/arm-atollic-eabi/5.3.1/armv7e-m/fpu/crtn.o
OUTPUT(Minisumo.elf elf32-littlearm)

.debug_line     0x00000000     0x9753
 .debug_line    0x00000000       0xae Drivers\CMSIS\Device\ST\STM32F4xx\Source\Templates\gcc\startup_stm32f407xx.o
 .debug_line    0x000000ae      0x3aa Drivers\STM32F4xx_HAL_Driver\Src\stm32f4xx_hal.o
 .debug_line    0x00000458      0x6bd Drivers\STM32F4xx_HAL_Driver\Src\stm32f4xx_hal_adc.o
 .debug_line    0x00000b15      0x3f2 Drivers\STM32F4xx_HAL_Driver\Src\stm32f4xx_hal_cortex.o
 .debug_line    0x00000f07      0x53b Drivers\STM32F4xx_HAL_Driver\Src\stm32f4xx_hal_dma.o
 .debug_line    0x00001442      0x3ca Drivers\STM32F4xx_HAL_Driver\Src\stm32f4xx_hal_gpio.o
 .debug_line    0x0000180c     0x171b Drivers\STM32F4xx_HAL_Driver\Src\stm32f4xx_hal_i2c.o
 .debug_line    0x00002f27      0x59a Drivers\STM32F4xx_HAL_Driver\Src\stm32f4xx_hal_rcc.o
 .debug_line    0x000034c1     0x1087 Drivers\STM32F4xx_HAL_Driver\Src\stm32f4xx_hal_tim.o
 .debug_line    0x00004548      0x622 Drivers\STM32F4xx_HAL_Driver\Src\stm32f4xx_hal_tim_ex.o
 .debug_line    0x00004b6a      0xb12 Drivers\STM32F4xx_HAL_Driver\Src\stm32f4xx_hal_uart.o
 .debug_line    0x0000567c      0x265 Src\I2C.o
 .debug_line    0x000058e1      0x319 Src\communication.o
 .debug_line    0x00005bfa      0x58b Src\hardware.o
 .debug_line    0x00006185      0x4b5 Src\main.o
 .debug_line    0x0000663a      0x2d5 Src\motion.o
 .debug_line    0x0000690f       0x73 Src\pid.o
 .debug_line    0x00006982      0x467 Src\stm32f4xx_hal_msp.o
 .debug_line    0x00006de9      0x301 Src\stm32f4xx_it.o
 .debug_line    0x000070ea      0x1c3 Src\system_stm32f4xx.o
 .debug_line    0x000072ad      0xdc0 Src\vl53l0x_api.o
 .debug_line    0x0000806d      0x63d Src\vl53l0x_api_calibration.o
 .debug_line    0x000086aa      0x947 Src\vl53l0x_api_core.o
 .debug_line    0x00008ff1      0x334 Src\vl53l0x_api_strings.o
 .debug_line    0x00009325      0x296 Src\vl53l0x_platform.o
 .debug_line    0x000095bb      0x198 Src\vl53l0x_user_port.o

.debug_info     0x00000000    0x1f9b6
 .debug_info    0x00000000       0xb7 Drivers\CMSIS\Device\ST\STM32F4xx\Source\Templates\gcc\startup_stm32f407xx.o
 .debug_info    0x000000b7      0x8d6 Drivers\STM32F4xx_HAL_Driver\Src\stm32f4xx_hal.o
 .debug_info    0x0000098d      0xcbe Drivers\STM32F4xx_HAL_Driver\Src\stm32f4xx_hal_adc.o
 .debug_info    0x0000164b      0xe75 Drivers\STM32F4xx_HAL_Driver\Src\stm32f4xx_hal_cortex.o
 .debug_info    0x000024c0      0xa28 Drivers\STM32F4xx_HAL_Driver\Src\stm32f4xx_hal_dma.o
 .debug_info    0x00002ee8      0x72d Drivers\STM32F4xx_HAL_Driver\Src\stm32f4xx_hal_gpio.o
 .debug_info    0x00003615     0x2e46 Drivers\STM32F4xx_HAL_Driver\Src\stm32f4xx_hal_i2c.o
 .debug_info    0x0000645b      0xc93 Drivers\STM32F4xx_HAL_Driver\Src\stm32f4xx_hal_rcc.o
 .debug_info    0x000070ee     0x2ea6 Drivers\STM32F4xx_HAL_Driver\Src\stm32f4xx_hal_tim.o
 .debug_info    0x00009f94      0xf6b Drivers\STM32F4xx_HAL_Driver\Src\stm32f4xx_hal_tim_ex.o
 .debug_info    0x0000aeff     0x14e9 Drivers\STM32F4xx_HAL_Driver\Src\stm32f4xx_hal_uart.o
 .debug_info    0x0000c3e8      0x98a Src\I2C.o
 .debug_info    0x0000cd72      0x650 Src\communication.o
 .debug_info    0x0000d3c2     0x2072 Src\hardware.o
 .debug_info    0x0000f434     0x1ba4 Src\main.o
 .debug_info    0x00010fd8      0xbc0 Src\motion.o
 .debug_info    0x00011b98      0x1b3 Src\pid.o
 .debug_info    0x00011d4b     0x178e Src\stm32f4xx_hal_msp.o
 .debug_info    0x000134d9      0x951 Src\stm32f4xx_it.o
 .debug_info    0x00013e2a      0x4fc Src\system_stm32f4xx.o
 .debug_info    0x00014326     0x48da Src\vl53l0x_api.o
 .debug_info    0x00018c00     0x1ff5 Src\vl53l0x_api_calibration.o
 .debug_info    0x0001abf5     0x2dd2 Src\vl53l0x_api_core.o
 .debug_info    0x0001d9c7      0xb18 Src\vl53l0x_api_strings.o
 .debug_info    0x0001e4df      0xc88 Src\vl53l0x_platform.o
 .debug_info    0x0001f167      0x84f Src\vl53l0x_user_port.o

.debug_abbrev   0x00000000     0x3b04
 .debug_abbrev  0x00000000       0x12 Drivers\CMSIS\Device\ST\STM32F4xx\Source\Templates\gcc\startup_stm32f407xx.o
 .debug_abbrev  0x00000012      0x244 Drivers\STM32F4xx_HAL_Driver\Src\stm32f4xx_hal.o
 .debug_abbrev  0x00000256      0x2c5 Drivers\STM32F4xx_HAL_Driver\Src\stm32f4xx_hal_adc.o
 .debug_abbrev  0x0000051b      0x32f Drivers\STM32F4xx_HAL_Driver\Src\stm32f4xx_hal_cortex.o
 .debug_abbrev  0x0000084a      0x2dd Drivers\STM32F4xx_HAL_Driver\Src\stm32f4xx_hal_dma.o
 .debug_abbrev  0x00000b27      0x1c8 Drivers\STM32F4xx_HAL_Driver\Src\stm32f4xx_hal_gpio.o
 .debug_abbrev  0x00000cef      0x336 Drivers\STM32F4xx_HAL_Driver\Src\stm32f4xx_hal_i2c.o
 .debug_abbrev  0x00001025      0x31e Drivers\STM32F4xx_HAL_Driver\Src\stm32f4xx_hal_rcc.o
 .debug_abbrev  0x00001343      0x311 Drivers\STM32F4xx_HAL_Driver\Src\stm32f4xx_hal_tim.o
 .debug_abbrev  0x00001654      0x270 Drivers\STM32F4xx_HAL_Driver\Src\stm32f4xx_hal_tim_ex.o
 .debug_abbrev  0x000018c4      0x308 Drivers\STM32F4xx_HAL_Driver\Src\stm32f4xx_hal_uart.o
 .debug_abbrev  0x00001bcc      0x17e Src\I2C.o
 .debug_abbrev  0x00001d4a      0x1b5 Src\communication.o
 .debug_abbrev  0x00001eff      0x207 Src\hardware.o
 .debug_abbrev  0x00002106      0x2c9 Src\main.o
 .debug_abbrev  0x000023cf      0x1eb Src\motion.o
 .debug_abbrev  0x000025ba       0xec Src\pid.o
 .debug_abbrev  0x000026a6      0x234 Src\stm32f4xx_hal_msp.o
 .debug_abbrev  0x000028da      0x1d4 Src\stm32f4xx_it.o
 .debug_abbrev  0x00002aae      0x101 Src\system_stm32f4xx.o
 .debug_abbrev  0x00002baf      0x37d Src\vl53l0x_api.o
 .debug_abbrev  0x00002f2c      0x300 Src\vl53l0x_api_calibration.o
 .debug_abbrev  0x0000322c      0x368 Src\vl53l0x_api_core.o
 .debug_abbrev  0x00003594      0x261 Src\vl53l0x_api_strings.o
 .debug_abbrev  0x000037f5      0x21b Src\vl53l0x_platform.o
 .debug_abbrev  0x00003a10       0xf4 Src\vl53l0x_user_port.o

.debug_aranges  0x00000000     0x1208
 .debug_aranges
                0x00000000       0x28 Drivers\CMSIS\Device\ST\STM32F4xx\Source\Templates\gcc\startup_stm32f407xx.o
 .debug_aranges
                0x00000028       0xb8 Drivers\STM32F4xx_HAL_Driver\Src\stm32f4xx_hal.o
 .debug_aranges
                0x000000e0       0xb8 Drivers\STM32F4xx_HAL_Driver\Src\stm32f4xx_hal_adc.o
 .debug_aranges
                0x00000198       0x98 Drivers\STM32F4xx_HAL_Driver\Src\stm32f4xx_hal_cortex.o
 .debug_aranges
                0x00000230       0x80 Drivers\STM32F4xx_HAL_Driver\Src\stm32f4xx_hal_dma.o
 .debug_aranges
                0x000002b0       0x58 Drivers\STM32F4xx_HAL_Driver\Src\stm32f4xx_hal_gpio.o
 .debug_aranges
                0x00000308      0x190 Drivers\STM32F4xx_HAL_Driver\Src\stm32f4xx_hal_i2c.o
 .debug_aranges
                0x00000498       0x80 Drivers\STM32F4xx_HAL_Driver\Src\stm32f4xx_hal_rcc.o
 .debug_aranges
                0x00000518      0x250 Drivers\STM32F4xx_HAL_Driver\Src\stm32f4xx_hal_tim.o
 .debug_aranges
                0x00000768       0xf0 Drivers\STM32F4xx_HAL_Driver\Src\stm32f4xx_hal_tim_ex.o
 .debug_aranges
                0x00000858      0x170 Drivers\STM32F4xx_HAL_Driver\Src\stm32f4xx_hal_uart.o
 .debug_aranges
                0x000009c8       0x48 Src\I2C.o
 .debug_aranges
                0x00000a10       0x20 Src\communication.o
 .debug_aranges
                0x00000a30       0x98 Src\hardware.o
 .debug_aranges
                0x00000ac8       0x48 Src\main.o
 .debug_aranges
                0x00000b10       0x30 Src\motion.o
 .debug_aranges
                0x00000b40       0x28 Src\pid.o
 .debug_aranges
                0x00000b68       0x78 Src\stm32f4xx_hal_msp.o
 .debug_aranges
                0x00000be0       0x70 Src\stm32f4xx_it.o
 .debug_aranges
                0x00000c50       0x28 Src\system_stm32f4xx.o
 .debug_aranges
                0x00000c78      0x300 Src\vl53l0x_api.o
 .debug_aranges
                0x00000f78       0xd0 Src\vl53l0x_api_calibration.o
 .debug_aranges
                0x00001048       0xe0 Src\vl53l0x_api_core.o
 .debug_aranges
                0x00001128       0x58 Src\vl53l0x_api_strings.o
 .debug_aranges
                0x00001180       0x70 Src\vl53l0x_platform.o
 .debug_aranges
                0x000011f0       0x18 Src\vl53l0x_user_port.o

.debug_ranges   0x00000000     0x1618
 .debug_ranges  0x00000000       0x20 Drivers\CMSIS\Device\ST\STM32F4xx\Source\Templates\gcc\startup_stm32f407xx.o
 .debug_ranges  0x00000020       0xa8 Drivers\STM32F4xx_HAL_Driver\Src\stm32f4xx_hal.o
 .debug_ranges  0x000000c8       0xc0 Drivers\STM32F4xx_HAL_Driver\Src\stm32f4xx_hal_adc.o
 .debug_ranges  0x00000188      0x148 Drivers\STM32F4xx_HAL_Driver\Src\stm32f4xx_hal_cortex.o
 .debug_ranges  0x000002d0       0xa8 Drivers\STM32F4xx_HAL_Driver\Src\stm32f4xx_hal_dma.o
 .debug_ranges  0x00000378       0x70 Drivers\STM32F4xx_HAL_Driver\Src\stm32f4xx_hal_gpio.o
 .debug_ranges  0x000003e8      0x210 Drivers\STM32F4xx_HAL_Driver\Src\stm32f4xx_hal_i2c.o
 .debug_ranges  0x000005f8      0x150 Drivers\STM32F4xx_HAL_Driver\Src\stm32f4xx_hal_rcc.o
 .debug_ranges  0x00000748      0x330 Drivers\STM32F4xx_HAL_Driver\Src\stm32f4xx_hal_tim.o
 .debug_ranges  0x00000a78       0xe0 Drivers\STM32F4xx_HAL_Driver\Src\stm32f4xx_hal_tim_ex.o
 .debug_ranges  0x00000b58      0x178 Drivers\STM32F4xx_HAL_Driver\Src\stm32f4xx_hal_uart.o
 .debug_ranges  0x00000cd0       0x38 Src\I2C.o
 .debug_ranges  0x00000d08       0x10 Src\communication.o
 .debug_ranges  0x00000d18       0xd8 Src\hardware.o
 .debug_ranges  0x00000df0       0x38 Src\main.o
 .debug_ranges  0x00000e28       0x20 Src\motion.o
 .debug_ranges  0x00000e48       0x18 Src\pid.o
 .debug_ranges  0x00000e60      0x140 Src\stm32f4xx_hal_msp.o
 .debug_ranges  0x00000fa0       0x60 Src\stm32f4xx_it.o
 .debug_ranges  0x00001000       0x18 Src\system_stm32f4xx.o
 .debug_ranges  0x00001018      0x398 Src\vl53l0x_api.o
 .debug_ranges  0x000013b0       0xd8 Src\vl53l0x_api_calibration.o
 .debug_ranges  0x00001488       0xe8 Src\vl53l0x_api_core.o
 .debug_ranges  0x00001570       0x48 Src\vl53l0x_api_strings.o